Component: ARM Compiler 5.05 update 1 (build 106) Tool: armlink [4d0efa]

==============================================================================

Section Cross References

    main.o(.text) refers to _printf_percent.o(.ARM.Collect$$_printf_percent$$00000000) for _printf_percent
    main.o(.text) refers to _printf_d.o(.ARM.Collect$$_printf_percent$$00000009) for _printf_d
    main.o(.text) refers to _printf_dec.o(.text) for _printf_int_dec
    main.o(.text) refers to lcd.o(.text) for LCD_Fill
    main.o(.text) refers to noretval__2sprintf.o(.text) for __2sprintf
    main.o(.text) refers to lan8720.o(.text) for LAN8720_Get_Speed
    main.o(.text) refers to delay.o(.text) for delay_init
    main.o(.text) refers to misc.o(.text) for NVIC_PriorityGroupConfig
    main.o(.text) refers to usart.o(.text) for uart_init
    main.o(.text) refers to usart3.o(.text) for usart3_init
    main.o(.text) refers to led.o(.text) for LED_Init
    main.o(.text) refers to key.o(.text) for KEY_Init
    main.o(.text) refers to beep.o(.text) for BEEP_Init
    main.o(.text) refers to rtc.o(.text) for RTC_Timer_Init
    main.o(.text) refers to adc.o(.text) for Adc_Init
    main.o(.text) refers to ds18b20.o(.text) for DS18B20_Init
    main.o(.text) refers to temperature.o(.text) for Adc_Temperate_Init
    main.o(.text) refers to sram.o(.text) for FSMC_SRAM_Init
    main.o(.text) refers to dht11.o(.text) for DHT11_Init
    main.o(.text) refers to exti.o(.text) for EXTIX_Init
    main.o(.text) refers to malloc.o(.text) for mymem_init
    main.o(.text) refers to moto.o(.text) for MOTO_GPIO_Config
    main.o(.text) refers to timer.o(.text) for TIM3_Int_Init
    main.o(.text) refers to lwip_comm.o(.text) for lwip_comm_init
    main.o(.text) refers to httpd.o(.text) for httpd_init
    main.o(.text) refers to lcd.o(.data) for POINT_COLOR
    main.o(.text) refers to lcd.o(.bss) for lcddev
    main.o(.text) refers to lwip_comm.o(.bss) for lwipdev
    system_stm32f4xx.o(.text) refers to system_stm32f4xx.o(.data) for SystemCoreClock
    key.o(.text) refers to stm32f4xx_rcc.o(.text) for RCC_AHB1PeriphClockCmd
    key.o(.text) refers to stm32f4xx_gpio.o(.text) for GPIO_Init
    key.o(.text) refers to delay.o(.text) for delay_ms
    key.o(.text) refers to key.o(.data) for key_up
    led.o(.text) refers to stm32f4xx_rcc.o(.text) for RCC_AHB1PeriphClockCmd
    led.o(.text) refers to stm32f4xx_gpio.o(.text) for GPIO_Init
    timer.o(.text) refers to stm32f4xx_rcc.o(.text) for RCC_APB1PeriphClockCmd
    timer.o(.text) refers to stm32f4xx_tim.o(.text) for TIM_TimeBaseInit
    timer.o(.text) refers to misc.o(.text) for NVIC_Init
    timer.o(.text) refers to lwip_comm.o(.data) for lwip_localtime
    lcd.o(.text) refers to _printf_percent.o(.ARM.Collect$$_printf_percent$$00000000) for _printf_percent
    lcd.o(.text) refers to _printf_x.o(.ARM.Collect$$_printf_percent$$0000000C) for _printf_x
    lcd.o(.text) refers to _printf_hex_int.o(.text) for _printf_longlong_hex
    lcd.o(.text) refers to delay.o(.text) for delay_us
    lcd.o(.text) refers to lcd.o(.bss) for lcddev
    lcd.o(.text) refers to lcd.o(.data) for POINT_COLOR
    lcd.o(.text) refers to dflt_clz.o(x$fpl$dfltu) for __aeabi_ui2d
    lcd.o(.text) refers to dmul.o(x$fpl$dmul) for __aeabi_dmul
    lcd.o(.text) refers to dfixu.o(x$fpl$dfixu) for __aeabi_d2uiz
    lcd.o(.text) refers to stm32f4xx_rcc.o(.text) for RCC_AHB1PeriphClockCmd
    lcd.o(.text) refers to stm32f4xx_gpio.o(.text) for GPIO_Init
    lcd.o(.text) refers to stm32f4xx_fsmc.o(.text) for FSMC_NORSRAMInit
    lcd.o(.text) refers to noretval__2printf.o(.text) for __2printf
    lcd.o(.text) refers to lcd.o(.constdata) for asc2_1206
    lan8720.o(.text) refers to stm32f4xx_rcc.o(.text) for RCC_AHB1PeriphClockCmd
    lan8720.o(.text) refers to stm32f4x7_eth.o(.text) for ETH_DeInit
    lan8720.o(.text) refers to misc.o(.text) for NVIC_Init
    lan8720.o(.text) refers to stm32f4xx_syscfg.o(.text) for SYSCFG_ETH_MediaInterfaceConfig
    lan8720.o(.text) refers to stm32f4xx_gpio.o(.text) for GPIO_Init
    lan8720.o(.text) refers to delay.o(.text) for delay_ms
    lan8720.o(.text) refers to lwip_comm.o(.text) for lwip_pkt_handle
    lan8720.o(.text) refers to malloc.o(.text) for myfree
    lan8720.o(.text) refers to stm32f4x7_eth.o(.data) for DMARxDescToGet
    lan8720.o(.text) refers to lan8720.o(.data) for DMARxDscrTab
    sram.o(.text) refers to stm32f4xx_rcc.o(.text) for RCC_AHB1PeriphClockCmd
    sram.o(.text) refers to stm32f4xx_gpio.o(.text) for GPIO_Init
    sram.o(.text) refers to stm32f4xx_fsmc.o(.text) for FSMC_NORSRAMInit
    beep.o(.text) refers to stm32f4xx_rcc.o(.text) for RCC_AHB1PeriphClockCmd
    beep.o(.text) refers to stm32f4xx_gpio.o(.text) for GPIO_Init
    temperature.o(.text) refers to stm32f4xx_rcc.o(.text) for RCC_APB2PeriphClockCmd
    temperature.o(.text) refers to stm32f4xx_gpio.o(.text) for GPIO_Init
[...]
    TIM_InternalClockConfig                  0x08008123   Thumb Code    12  stm32f4xx_tim.o(.text)
    TIM_SelectInputTrigger                   0x0800812f   Thumb Code    18  stm32f4xx_tim.o(.text)
    TIM_ITRxExternalClockConfig              0x08008141   Thumb Code    24  stm32f4xx_tim.o(.text)
    TIM_TIxExternalClockConfig               0x08008159   Thumb Code    62  stm32f4xx_tim.o(.text)
    TIM_ETRConfig                            0x08008197   Thumb Code    28  stm32f4xx_tim.o(.text)
    TIM_ETRClockMode1Config                  0x080081b3   Thumb Code    54  stm32f4xx_tim.o(.text)
    TIM_ETRClockMode2Config                  0x080081e9   Thumb Code    32  stm32f4xx_tim.o(.text)
    TIM_SelectOutputTrigger                  0x08008209   Thumb Code    18  stm32f4xx_tim.o(.text)
    TIM_SelectSlaveMode                      0x0800821b   Thumb Code    18  stm32f4xx_tim.o(.text)
    TIM_SelectMasterSlaveMode                0x0800822d   Thumb Code    18  stm32f4xx_tim.o(.text)
    TIM_EncoderInterfaceConfig               0x0800823f   Thumb Code    66  stm32f4xx_tim.o(.text)
    TIM_SelectHallSensor                     0x08008281   Thumb Code    24  stm32f4xx_tim.o(.text)
    TIM_RemapConfig                          0x08008299   Thumb Code     6  stm32f4xx_tim.o(.text)
    USART_DeInit                             0x080082a1   Thumb Code   206  stm32f4xx_usart.o(.text)
    USART_Init                               0x0800836f   Thumb Code   204  stm32f4xx_usart.o(.text)
    USART_StructInit                         0x0800843b   Thumb Code    24  stm32f4xx_usart.o(.text)
    USART_ClockInit                          0x08008453   Thumb Code    32  stm32f4xx_usart.o(.text)
    USART_ClockStructInit                    0x08008473   Thumb Code    12  stm32f4xx_usart.o(.text)
    USART_Cmd                                0x0800847f   Thumb Code    24  stm32f4xx_usart.o(.text)
    USART_SetPrescaler                       0x08008497   Thumb Code    16  stm32f4xx_usart.o(.text)
    USART_OverSampling8Cmd                   0x080084a7   Thumb Code    22  stm32f4xx_usart.o(.text)
    USART_OneBitMethodCmd                    0x080084bd   Thumb Code    24  stm32f4xx_usart.o(.text)
    USART_SendData                           0x080084d5   Thumb Code     8  stm32f4xx_usart.o(.text)
    USART_ReceiveData                        0x080084dd   Thumb Code    10  stm32f4xx_usart.o(.text)
    USART_SetAddress                         0x080084e7   Thumb Code    18  stm32f4xx_usart.o(.text)
    USART_ReceiverWakeUpCmd                  0x080084f9   Thumb Code    24  stm32f4xx_usart.o(.text)
    USART_WakeUpConfig                       0x08008511   Thumb Code    18  stm32f4xx_usart.o(.text)
    USART_LINBreakDetectLengthConfig         0x08008523   Thumb Code    18  stm32f4xx_usart.o(.text)
    USART_LINCmd                             0x08008535   Thumb Code    24  stm32f4xx_usart.o(.text)
    USART_SendBreak                          0x0800854d   Thumb Code    10  stm32f4xx_usart.o(.text)
    USART_HalfDuplexCmd                      0x08008557   Thumb Code    24  stm32f4xx_usart.o(.text)
    USART_SetGuardTime                       0x0800856f   Thumb Code    16  stm32f4xx_usart.o(.text)
    USART_SmartCardCmd                       0x0800857f   Thumb Code    24  stm32f4xx_usart.o(.text)
    USART_SmartCardNACKCmd                   0x08008597   Thumb Code    24  stm32f4xx_usart.o(.text)
    USART_IrDAConfig                         0x080085af   Thumb Code    18  stm32f4xx_usart.o(.text)
    USART_IrDACmd                            0x080085c1   Thumb Code    24  stm32f4xx_usart.o(.text)
    USART_DMACmd                             0x080085d9   Thumb Code    18  stm32f4xx_usart.o(.text)
    USART_ITConfig                           0x080085eb   Thumb Code    74  stm32f4xx_usart.o(.text)
    USART_GetFlagStatus                      0x08008635   Thumb Code    26  stm32f4xx_usart.o(.text)
    USART_ClearFlag                          0x0800864f   Thumb Code    18  stm32f4xx_usart.o(.text)
    USART_GetITStatus                        0x08008661   Thumb Code   118  stm32f4xx_usart.o(.text)
    USART_ClearITPendingBit                  0x080086d7   Thumb Code    30  stm32f4xx_usart.o(.text)
    ETH_DeInit                               0x08008711   Thumb Code    22  stm32f4x7_eth.o(.text)
    ETH_StructInit                           0x08008727   Thumb Code   178  stm32f4x7_eth.o(.text)
    ETH_WritePHYRegister                     0x080087d9   Thumb Code    96  stm32f4x7_eth.o(.text)
    ETH_ReadPHYRegister                      0x08008839   Thumb Code    98  stm32f4x7_eth.o(.text)
    ETH_Init                                 0x0800889b   Thumb Code   620  stm32f4x7_eth.o(.text)
    ETH_DMAReceptionCmd                      0x08008b07   Thumb Code    30  stm32f4x7_eth.o(.text)
    ETH_DMATransmissionCmd                   0x08008b25   Thumb Code    30  stm32f4x7_eth.o(.text)
    ETH_MACReceptionCmd                      0x08008b43   Thumb Code    30  stm32f4x7_eth.o(.text)
    ETH_FlushTransmitFIFO                    0x08008b61   Thumb Code    14  stm32f4x7_eth.o(.text)
    ETH_MACTransmissionCmd                   0x08008b6f   Thumb Code    30  stm32f4x7_eth.o(.text)
    ETH_Start                                0x08008b8d   Thumb Code    32  stm32f4x7_eth.o(.text)
    ETH_GetFlowControlBusyStatus             0x08008bad   Thumb Code    64  stm32f4x7_eth.o(.text)
    ETH_InitiatePauseControlFrame            0x08008bed   Thumb Code    14  stm32f4x7_eth.o(.text)
    ETH_BackPressureActivationCmd            0x08008bfb   Thumb Code    30  stm32f4x7_eth.o(.text)
    ETH_GetMACFlagStatus                     0x08008c19   Thumb Code    20  stm32f4x7_eth.o(.text)
    ETH_GetMACITStatus                       0x08008c2d   Thumb Code    20  stm32f4x7_eth.o(.text)
    ETH_MACITConfig                          0x08008c41   Thumb Code    26  stm32f4x7_eth.o(.text)
    ETH_MACAddressConfig                     0x08008c5b   Thumb Code    46  stm32f4x7_eth.o(.text)
    ETH_GetMACAddress                        0x08008c89   Thumb Code    36  stm32f4x7_eth.o(.text)
    ETH_MACAddressPerfectFilterCmd           0x08008cad   Thumb Code    38  stm32f4x7_eth.o(.text)
    ETH_MACAddressFilterConfig               0x08008cd3   Thumb Code    40  stm32f4x7_eth.o(.text)
    ETH_MACAddressMaskBytesFilterConfig      0x08008cfb   Thumb Code    32  stm32f4x7_eth.o(.text)
    ETH_Get_Received_Frame                   0x08008d1b   Thumb Code    82  stm32f4x7_eth.o(.text)
    ETH_Get_Received_Frame_interrupt         0x08008d6d   Thumb Code   268  stm32f4x7_eth.o(.text)
    ETH_Prepare_Transmit_Descriptors         0x08008e79   Thumb Code   222  stm32f4x7_eth.o(.text)
    ETH_DMARxDescChainInit                   0x08008f57   Thumb Code    82  stm32f4x7_eth.o(.text)
    ETH_CheckFrameReceived                   0x08008fa9   Thumb Code   214  stm32f4x7_eth.o(.text)
    ETH_DMATxDescChainInit                   0x0800907f   Thumb Code    70  stm32f4x7_eth.o(.text)
    ETH_GetDMATxDescFlagStatus               0x080090c5   Thumb Code    18  stm32f4x7_eth.o(.text)
    ETH_GetDMATxDescCollisionCount           0x080090d7   Thumb Code    10  stm32f4x7_eth.o(.text)
    ETH_SetDMATxDescOwnBit                   0x080090e1   Thumb Code    10  stm32f4x7_eth.o(.text)
    ETH_DMATxDescTransmitITConfig            0x080090eb   Thumb Code    22  stm32f4x7_eth.o(.text)
    ETH_DMATxDescFrameSegmentConfig          0x08009101   Thumb Code     8  stm32f4x7_eth.o(.text)
    ETH_DMATxDescChecksumInsertionConfig     0x08009109   Thumb Code     8  stm32f4x7_eth.o(.text)
    ETH_DMATxDescCRCCmd                      0x08009111   Thumb Code    22  stm32f4x7_eth.o(.text)
    ETH_DMATxDescSecondAddressChainedCmd     0x08009127   Thumb Code    22  stm32f4x7_eth.o(.text)
    ETH_DMATxDescShortFramePaddingCmd        0x0800913d   Thumb Code    22  stm32f4x7_eth.o(.text)
    ETH_DMATxDescBufferSizeConfig            0x08009153   Thumb Code    14  stm32f4x7_eth.o(.text)
    ETH_GetDMARxDescFlagStatus               0x08009161   Thumb Code    18  stm32f4x7_eth.o(.text)
    ETH_GetDMAPTPRxDescExtendedFlagStatus    0x08009173   Thumb Code    18  stm32f4x7_eth.o(.text)
    ETH_SetDMARxDescOwnBit                   0x08009185   Thumb Code    10  stm32f4x7_eth.o(.text)
    ETH_GetDMARxDescFrameLength              0x0800918f   Thumb Code    10  stm32f4x7_eth.o(.text)
    ETH_DMARxDescReceiveITConfig             0x08009199   Thumb Code    22  stm32f4x7_eth.o(.text)
    ETH_GetDMARxDescBufferSize               0x080091af   Thumb Code    20  stm32f4x7_eth.o(.text)
    ETH_GetRxPktSize                         0x080091c3   Thumb Code    42  stm32f4x7_eth.o(.text)
    ETH_EnhancedDescriptorCmd                0x080091ed   Thumb Code    30  stm32f4x7_eth.o(.text)
    ETH_SoftwareReset                        0x0800920b   Thumb Code    14  stm32f4x7_eth.o(.text)
    ETH_GetSoftwareResetStatus               0x08009219   Thumb Code    20  stm32f4x7_eth.o(.text)
    ETH_GetDMAFlagStatus                     0x0800922d   Thumb Code    20  stm32f4x7_eth.o(.text)
    ETH_DMAClearFlag                         0x08009241   Thumb Code     6  stm32f4x7_eth.o(.text)
    ETH_DMAITConfig                          0x08009247   Thumb Code    26  stm32f4x7_eth.o(.text)
    ETH_GetDMAITStatus                       0x08009261   Thumb Code    20  stm32f4x7_eth.o(.text)
    ETH_DMAClearITPendingBit                 0x08009275   Thumb Code     6  stm32f4x7_eth.o(.text)
    ETH_GetTransmitProcessState              0x0800927b   Thumb Code    10  stm32f4x7_eth.o(.text)
    ETH_GetReceiveProcessState               0x08009285   Thumb Code    10  stm32f4x7_eth.o(.text)
    ETH_GetFlushTransmitFIFOStatus           0x0800928f   Thumb Code    20  stm32f4x7_eth.o(.text)
    ETH_GetDMAOverflowStatus                 0x080092a3   Thumb Code    20  stm32f4x7_eth.o(.text)
    ETH_GetRxOverflowMissedFrameCounter      0x080092b7   Thumb Code    10  stm32f4x7_eth.o(.text)
    ETH_GetBufferUnavailableMissedFrameCounter 0x080092c1   Thumb Code     8  stm32f4x7_eth.o(.text)
    ETH_GetCurrentTxDescStartAddress         0x080092c9   Thumb Code     6  stm32f4x7_eth.o(.text)
    ETH_GetCurrentRxDescStartAddress         0x080092cf   Thumb Code     6  stm32f4x7_eth.o(.text)
    ETH_GetCurrentTxBufferAddress            0x080092d5   Thumb Code     6  stm32f4x7_eth.o(.text)
    ETH_GetCurrentRxBufferAddress            0x080092db   Thumb Code     6  stm32f4x7_eth.o(.text)
    ETH_ResumeDMATransmission                0x080092e1   Thumb Code     8  stm32f4x7_eth.o(.text)
    ETH_ResumeDMAReception                   0x080092e9   Thumb Code     8  stm32f4x7_eth.o(.text)
    ETH_SetReceiveWatchdogTimer              0x080092f1   Thumb Code     6  stm32f4x7_eth.o(.text)
    ETH_PHYLoopBackCmd                       0x080092f7   Thumb Code    52  stm32f4x7_eth.o(.text)
    ETH_ResetWakeUpFrameFilterRegisterPointer 0x0800932b   Thumb Code    14  stm32f4x7_eth.o(.text)
    ETH_SetWakeUpFrameFilterRegister         0x08009339   Thumb Code    24  stm32f4x7_eth.o(.text)
    ETH_GlobalUnicastWakeUpCmd               0x08009351   Thumb Code    30  stm32f4x7_eth.o(.text)
    ETH_GetPMTFlagStatus                     0x0800936f   Thumb Code    20  stm32f4x7_eth.o(.text)
    ETH_WakeUpFrameDetectionCmd              0x08009383   Thumb Code    30  stm32f4x7_eth.o(.text)
    ETH_MagicPacketDetectionCmd              0x080093a1   Thumb Code    30  stm32f4x7_eth.o(.text)
    ETH_PowerDownCmd                         0x080093bf   Thumb Code    50  stm32f4x7_eth.o(.text)
    ETH_MMCCounterFullPreset                 0x080093f1   Thumb Code    16  stm32f4x7_eth.o(.text)
    ETH_MMCCounterHalfPreset                 0x08009401   Thumb Code    30  stm32f4x7_eth.o(.text)
    ETH_MMCCounterFreezeCmd                  0x0800941f   Thumb Code    34  stm32f4x7_eth.o(.text)
    ETH_MMCResetOnReadCmd                    0x08009441   Thumb Code    34  stm32f4x7_eth.o(.text)
    ETH_MMCCounterRolloverCmd                0x08009463   Thumb Code    34  stm32f4x7_eth.o(.text)
    ETH_MMCCountersReset                     0x08009485   Thumb Code    16  stm32f4x7_eth.o(.text)
    ETH_MMCITConfig                          0x08009495   Thumb Code    78  stm32f4x7_eth.o(.text)
    ETH_GetMMCITStatus                       0x080094e3   Thumb Code    66  stm32f4x7_eth.o(.text)
    ETH_GetMMCRegister                       0x08009525   Thumb Code     8  stm32f4x7_eth.o(.text)
    ADC_DeInit                               0x08009535   Thumb Code    22  stm32f4xx_adc.o(.text)
    ADC_Init                                 0x0800954b   Thumb Code    74  stm32f4xx_adc.o(.text)
    ADC_StructInit                           0x08009595   Thumb Code    20  stm32f4xx_adc.o(.text)
    ADC_CommonInit                           0x080095a9   Thumb Code    34  stm32f4xx_adc.o(.text)
    ADC_CommonStructInit                     0x080095cb   Thumb Code    12  stm32f4xx_adc.o(.text)
    ADC_Cmd                                  0x080095d7   Thumb Code    22  stm32f4xx_adc.o(.text)
    ADC_AnalogWatchdogCmd                    0x080095ed   Thumb Code    16  stm32f4xx_adc.o(.text)
    ADC_AnalogWatchdogThresholdsConfig       0x080095fd   Thumb Code     6  stm32f4xx_adc.o(.text)
    ADC_AnalogWatchdogSingleChannelConfig    0x08009603   Thumb Code    16  stm32f4xx_adc.o(.text)
    ADC_TempSensorVrefintCmd                 0x08009613   Thumb Code    34  stm32f4xx_adc.o(.text)
    ADC_VBATCmd                              0x08009635   Thumb Code    34  stm32f4xx_adc.o(.text)
    ADC_RegularChannelConfig                 0x08009657   Thumb Code   184  stm32f4xx_adc.o(.text)
    ADC_SoftwareStartConv                    0x0800970f   Thumb Code    10  stm32f4xx_adc.o(.text)
    ADC_GetSoftwareStartConvStatus           0x08009719   Thumb Code    20  stm32f4xx_adc.o(.text)
    ADC_EOCOnEachRegularChannelCmd           0x0800972d   Thumb Code    22  stm32f4xx_adc.o(.text)
    ADC_ContinuousModeCmd                    0x08009743   Thumb Code    22  stm32f4xx_adc.o(.text)
    ADC_DiscModeChannelCountConfig           0x08009759   Thumb Code    24  stm32f4xx_adc.o(.text)
    ADC_DiscModeCmd                          0x08009771   Thumb Code    22  stm32f4xx_adc.o(.text)
    ADC_GetConversionValue                   0x08009787   Thumb Code     8  stm32f4xx_adc.o(.text)
    ADC_GetMultiModeConversionValue          0x0800978f   Thumb Code     8  stm32f4xx_adc.o(.text)
    ADC_DMACmd                               0x08009797   Thumb Code    22  stm32f4xx_adc.o(.text)
    ADC_DMARequestAfterLastTransferCmd       0x080097ad   Thumb Code    22  stm32f4xx_adc.o(.text)
    ADC_MultiModeDMARequestAfterLastTransferCmd 0x080097c3   Thumb Code    34  stm32f4xx_adc.o(.text)
    ADC_InjectedChannelConfig                0x080097e5   Thumb Code   130  stm32f4xx_adc.o(.text)
    ADC_InjectedSequencerLengthConfig        0x08009867   Thumb Code    24  stm32f4xx_adc.o(.text)
    ADC_SetInjectedOffset                    0x0800987f   Thumb Code    20  stm32f4xx_adc.o(.text)
    ADC_ExternalTrigInjectedConvConfig       0x08009893   Thumb Code    16  stm32f4xx_adc.o(.text)
    ADC_ExternalTrigInjectedConvEdgeConfig   0x080098a3   Thumb Code    16  stm32f4xx_adc.o(.text)
    ADC_SoftwareStartInjectedConv            0x080098b3   Thumb Code    10  stm32f4xx_adc.o(.text)
    ADC_GetSoftwareStartInjectedConvCmdStatus 0x080098bd   Thumb Code    20  stm32f4xx_adc.o(.text)
    ADC_AutoInjectedConvCmd                  0x080098d1   Thumb Code    22  stm32f4xx_adc.o(.text)
    ADC_InjectedDiscModeCmd                  0x080098e7   Thumb Code    22  stm32f4xx_adc.o(.text)
    ADC_GetInjectedConversionValue           0x080098fd   Thumb Code    28  stm32f4xx_adc.o(.text)
    ADC_ITConfig                             0x08009919   Thumb Code    56  stm32f4xx_adc.o(.text)
    ADC_GetFlagStatus                        0x08009951   Thumb Code    18  stm32f4xx_adc.o(.text)
    ADC_ClearFlag                            0x08009963   Thumb Code     6  stm32f4xx_adc.o(.text)
    ADC_GetITStatus                          0x08009969   Thumb Code    38  stm32f4xx_adc.o(.text)
    ADC_ClearITPendingBit                    0x0800998f   Thumb Code    10  stm32f4xx_adc.o(.text)
    FSMC_NORSRAMDeInit                       0x08009999   Thumb Code    54  stm32f4xx_fsmc.o(.text)
    FSMC_NORSRAMInit                         0x080099cf   Thumb Code   230  stm32f4xx_fsmc.o(.text)
    FSMC_NORSRAMStructInit                   0x08009ab5   Thumb Code    48  stm32f4xx_fsmc.o(.text)
    FSMC_NORSRAMCmd                          0x08009ae5   Thumb Code    46  stm32f4xx_fsmc.o(.text)
    FSMC_NANDDeInit                          0x08009b13   Thumb Code    62  stm32f4xx_fsmc.o(.text)
    FSMC_NANDInit                            0x08009b51   Thumb Code   132  stm32f4xx_fsmc.o(.text)
    FSMC_NANDStructInit                      0x08009bd5   Thumb Code    54  stm32f4xx_fsmc.o(.text)
    FSMC_NANDCmd                             0x08009c0b   Thumb Code    86  stm32f4xx_fsmc.o(.text)
    FSMC_NANDECCCmd                          0x08009c61   Thumb Code    86  stm32f4xx_fsmc.o(.text)
    FSMC_GetECC                              0x08009cb7   Thumb Code    24  stm32f4xx_fsmc.o(.text)
    FSMC_PCCARDDeInit                        0x08009ccf   Thumb Code    36  stm32f4xx_fsmc.o(.text)
    FSMC_PCCARDInit                          0x08009cf3   Thumb Code   130  stm32f4xx_fsmc.o(.text)
    FSMC_PCCARDStructInit                    0x08009d75   Thumb Code    60  stm32f4xx_fsmc.o(.text)
    FSMC_PCCARDCmd                           0x08009db1   Thumb Code    44  stm32f4xx_fsmc.o(.text)
    FSMC_ITConfig                            0x08009ddd   Thumb Code   128  stm32f4xx_fsmc.o(.text)
    FSMC_GetFlagStatus                       0x08009e5d   Thumb Code    54  stm32f4xx_fsmc.o(.text)
    FSMC_ClearFlag                           0x08009e93   Thumb Code    74  stm32f4xx_fsmc.o(.text)
    FSMC_GetITStatus                         0x08009edd   Thumb Code    62  stm32f4xx_fsmc.o(.text)
    FSMC_ClearITPendingBit                   0x08009f1b   Thumb Code    66  stm32f4xx_fsmc.o(.text)
    EXTI_DeInit                              0x08009f61   Thumb Code    28  stm32f4xx_exti.o(.text)
    EXTI_Init                                0x08009f7d   Thumb Code   142  stm32f4xx_exti.o(.text)
    EXTI_StructInit                          0x0800a00b   Thumb Code    16  stm32f4xx_exti.o(.text)
    EXTI_GenerateSWInterrupt                 0x0800a01b   Thumb Code    16  stm32f4xx_exti.o(.text)
    EXTI_GetFlagStatus                       0x0800a02b   Thumb Code    22  stm32f4xx_exti.o(.text)
    EXTI_ClearFlag                           0x0800a041   Thumb Code     8  stm32f4xx_exti.o(.text)
    EXTI_GetITStatus                         0x0800a049   Thumb Code    22  stm32f4xx_exti.o(.text)
    EXTI_ClearITPendingBit                   0x0800a05f   Thumb Code     8  stm32f4xx_exti.o(.text)
    PWR_DeInit                               0x0800a071   Thumb Code    22  stm32f4xx_pwr.o(.text)
    PWR_BackupAccessCmd                      0x0800a087   Thumb Code     6  stm32f4xx_pwr.o(.text)
    PWR_PVDLevelConfig                       0x0800a08d   Thumb Code    18  stm32f4xx_pwr.o(.text)
    PWR_PVDCmd                               0x0800a09f   Thumb Code     6  stm32f4xx_pwr.o(.text)
    PWR_WakeUpPinCmd                         0x0800a0a5   Thumb Code     8  stm32f4xx_pwr.o(.text)
    PWR_BackupRegulatorCmd                   0x0800a0ad   Thumb Code     8  stm32f4xx_pwr.o(.text)
    PWR_MainRegulatorModeConfig              0x0800a0b5   Thumb Code    18  stm32f4xx_pwr.o(.text)
    PWR_OverDriveCmd                         0x0800a0c7   Thumb Code     6  stm32f4xx_pwr.o(.text)
    PWR_OverDriveSWCmd                       0x0800a0cd   Thumb Code     6  stm32f4xx_pwr.o(.text)
    PWR_UnderDriveCmd                        0x0800a0d3   Thumb Code    30  stm32f4xx_pwr.o(.text)
    PWR_MainRegulatorLowVoltageCmd           0x0800a0f1   Thumb Code    18  stm32f4xx_pwr.o(.text)
    PWR_LowRegulatorLowVoltageCmd            0x0800a103   Thumb Code    18  stm32f4xx_pwr.o(.text)
    PWR_FlashPowerDownCmd                    0x0800a115   Thumb Code     6  stm32f4xx_pwr.o(.text)
    PWR_EnterSTOPMode                        0x0800a11b   Thumb Code    58  stm32f4xx_pwr.o(.text)
    PWR_EnterUnderDriveSTOPMode              0x0800a155   Thumb Code    58  stm32f4xx_pwr.o(.text)
    PWR_EnterSTANDBYMode                     0x0800a18f   Thumb Code    32  stm32f4xx_pwr.o(.text)
    PWR_GetFlagStatus                        0x0800a1af   Thumb Code    20  stm32f4xx_pwr.o(.text)
    PWR_ClearFlag                            0x0800a1c3   Thumb Code    14  stm32f4xx_pwr.o(.text)
    RTC_WaitForSynchro                       0x0800a1dd   Thumb Code    92  stm32f4xx_rtc.o(.text)
    RTC_EnterInitMode                        0x0800a239   Thumb Code    84  stm32f4xx_rtc.o(.text)
    RTC_DeInit                               0x0800a28d   Thumb Code   204  stm32f4xx_rtc.o(.text)
    RTC_ExitInitMode                         0x0800a359   Thumb Code    18  stm32f4xx_rtc.o(.text)
    RTC_Init                                 0x0800a36b   Thumb Code    94  stm32f4xx_rtc.o(.text)
    RTC_StructInit                           0x0800a3c9   Thumb Code    14  stm32f4xx_rtc.o(.text)
    RTC_WriteProtectionCmd                   0x0800a3d7   Thumb Code    22  stm32f4xx_rtc.o(.text)
    RTC_RefClockCmd                          0x0800a3ed   Thumb Code    76  stm32f4xx_rtc.o(.text)
    RTC_BypassShadowCmd                      0x0800a439   Thumb Code    54  stm32f4xx_rtc.o(.text)
    RTC_SetTime                              0x0800a4a1   Thumb Code   200  stm32f4xx_rtc.o(.text)
    RTC_TimeStructInit                       0x0800a569   Thumb Code    12  stm32f4xx_rtc.o(.text)
    RTC_GetTime                              0x0800a575   Thumb Code    74  stm32f4xx_rtc.o(.text)
    RTC_GetSubSecond                         0x0800a5bf   Thumb Code    30  stm32f4xx_rtc.o(.text)
    RTC_SetDate                              0x0800a5dd   Thumb Code   190  stm32f4xx_rtc.o(.text)
    RTC_DateStructInit                       0x0800a69b   Thumb Code    14  stm32f4xx_rtc.o(.text)
    RTC_GetDate                              0x0800a6a9   Thumb Code    70  stm32f4xx_rtc.o(.text)
    RTC_SetAlarm                             0x0800a6ef   Thumb Code   230  stm32f4xx_rtc.o(.text)
    RTC_AlarmStructInit                      0x0800a7d5   Thumb Code    22  stm32f4xx_rtc.o(.text)
    RTC_GetAlarm                             0x0800a7eb   Thumb Code   114  stm32f4xx_rtc.o(.text)
    RTC_AlarmCmd                             0x0800a85d   Thumb Code   112  stm32f4xx_rtc.o(.text)
    RTC_AlarmSubSecondConfig                 0x0800a8cd   Thumb Code    46  stm32f4xx_rtc.o(.text)
    RTC_GetAlarmSubSecond                    0x0800a8fb   Thumb Code    34  stm32f4xx_rtc.o(.text)
    RTC_WakeUpClockConfig                    0x0800a91d   Thumb Code    42  stm32f4xx_rtc.o(.text)
    RTC_SetWakeUpCounter                     0x0800a947   Thumb Code    22  stm32f4xx_rtc.o(.text)
    RTC_GetWakeUpCounter                     0x0800a95d   Thumb Code    10  stm32f4xx_rtc.o(.text)
    RTC_WakeUpCmd                            0x0800a967   Thumb Code   116  stm32f4xx_rtc.o(.text)
    RTC_DayLightSavingConfig                 0x0800a9db   Thumb Code    50  stm32f4xx_rtc.o(.text)
    RTC_GetStoreOperation                    0x0800aa0d   Thumb Code    12  stm32f4xx_rtc.o(.text)
    RTC_OutputConfig                         0x0800aa19   Thumb Code    60  stm32f4xx_rtc.o(.text)
    RTC_CoarseCalibConfig                    0x0800aa55   Thumb Code    52  stm32f4xx_rtc.o(.text)
    RTC_CoarseCalibCmd                       0x0800aa89   Thumb Code    76  stm32f4xx_rtc.o(.text)
    RTC_CalibOutputCmd                       0x0800aad5   Thumb Code    54  stm32f4xx_rtc.o(.text)
    RTC_CalibOutputConfig                    0x0800ab0b   Thumb Code    42  stm32f4xx_rtc.o(.text)
    RTC_SmoothCalibConfig                    0x0800ab35   Thumb Code    90  stm32f4xx_rtc.o(.text)
    RTC_TimeStampCmd                         0x0800ab8f   Thumb Code    54  stm32f4xx_rtc.o(.text)
    RTC_GetTimeStamp                         0x0800abc5   Thumb Code   144  stm32f4xx_rtc.o(.text)
    RTC_GetTimeStampSubSecond                0x0800ac55   Thumb Code     8  stm32f4xx_rtc.o(.text)
    RTC_TamperTriggerConfig                  0x0800ac5d   Thumb Code    38  stm32f4xx_rtc.o(.text)
    RTC_TamperCmd                            0x0800ac83   Thumb Code    34  stm32f4xx_rtc.o(.text)
    RTC_TamperFilterConfig                   0x0800aca5   Thumb Code    26  stm32f4xx_rtc.o(.text)
    RTC_TamperSamplingFreqConfig             0x0800acbf   Thumb Code    26  stm32f4xx_rtc.o(.text)
    RTC_TamperPinsPrechargeDuration          0x0800acd9   Thumb Code    26  stm32f4xx_rtc.o(.text)
    RTC_TimeStampOnTamperDetectionCmd        0x0800acf3   Thumb Code    38  stm32f4xx_rtc.o(.text)
    RTC_TamperPullUpCmd                      0x0800ad19   Thumb Code    38  stm32f4xx_rtc.o(.text)
    RTC_WriteBackupRegister                  0x0800ad3f   Thumb Code    26  stm32f4xx_rtc.o(.text)
    RTC_ReadBackupRegister                   0x0800ad59   Thumb Code    28  stm32f4xx_rtc.o(.text)
    RTC_TamperPinSelection                   0x0800ad75   Thumb Code    26  stm32f4xx_rtc.o(.text)
    RTC_TimeStampPinSelection                0x0800ad8f   Thumb Code    26  stm32f4xx_rtc.o(.text)
    RTC_OutputTypeConfig                     0x0800ada9   Thumb Code    26  stm32f4xx_rtc.o(.text)
    RTC_SynchroShiftConfig                   0x0800adc3   Thumb Code   130  stm32f4xx_rtc.o(.text)
    RTC_ITConfig                             0x0800ae45   Thumb Code    94  stm32f4xx_rtc.o(.text)
    RTC_GetFlagStatus                        0x0800aea3   Thumb Code    34  stm32f4xx_rtc.o(.text)
    RTC_ClearFlag                            0x0800aec5   Thumb Code    28  stm32f4xx_rtc.o(.text)
    RTC_GetITStatus                          0x0800aee1   Thumb Code    60  stm32f4xx_rtc.o(.text)
    RTC_ClearITPendingBit                    0x0800af1d   Thumb Code    32  stm32f4xx_rtc.o(.text)
    delay_init                               0x0800af45   Thumb Code    52  delay.o(.text)
    delay_us                                 0x0800af79   Thumb Code    72  delay.o(.text)
    delay_xms                                0x0800afc1   Thumb Code    72  delay.o(.text)
    delay_ms                                 0x0800b009   Thumb Code    72  delay.o(.text)
    _sys_exit                                0x0800b059   Thumb Code     6  usart.o(.text)
    fputc                                    0x0800b05f   Thumb Code    22  usart.o(.text)
    uart_init                                0x0800b075   Thumb Code   164  usart.o(.text)
    Communication_Decode                     0x0800b119   Thumb Code   108  usart.o(.text)
    USART1_IRQHandler                        0x0800b185   Thumb Code   124  usart.o(.text)
    lwip_comm_mem_free                       0x0800b249   Thumb Code    24  lwip_comm.o(.text)
    lwip_comm_mem_malloc                     0x0800b261   Thumb Code    60  lwip_comm.o(.text)
    lwip_comm_default_ip_set                 0x0800b29d   Thumb Code    90  lwip_comm.o(.text)
    lwip_comm_init                           0x0800b2f7   Thumb Code   114  lwip_comm.o(.text)
    lwip_pkt_handle                          0x0800b369   Thumb Code    10  lwip_comm.o(.text)
    lwip_dhcp_process_handle                 0x0800b373   Thumb Code   418  lwip_comm.o(.text)
    lwip_periodic_handle                     0x0800b515   Thumb Code   138  lwip_comm.o(.text)
    fs_open                                  0x0800b7d7   Thumb Code    70  fs.o(.text)
    fs_close                                 0x0800b81d   Thumb Code    12  fs.o(.text)
    fs_read                                  0x0800b829   Thumb Code    62  fs.o(.text)
    fs_bytes_left                            0x0800b867   Thumb Code    10  fs.o(.text)
    httpd_init                               0x0800c863   Thumb Code    18  httpd.o(.text)
    http_set_ssi_handler                     0x0800c875   Thumb Code   108  httpd.o(.text)
    http_set_cgi_handlers                    0x0800c8e1   Thumb Code    74  httpd.o(.text)
    ADC_Handler                              0x0800caa5   Thumb Code   174  httpd_cgi_ssi.o(.text)
    Temperate_Handler                        0x0800cb53   Thumb Code   150  httpd_cgi_ssi.o(.text)
    RTCTime_Handler                          0x0800cbe9   Thumb Code   112  httpd_cgi_ssi.o(.text)
    RTCdate_Handler                          0x0800cc59   Thumb Code   150  httpd_cgi_ssi.o(.text)
    DS18B20_Handler                          0x0800ccef   Thumb Code   142  httpd_cgi_ssi.o(.text)
    DHT11_Handler                            0x0800cd7d   Thumb Code   148  httpd_cgi_ssi.o(.text)
    LEDS_CGI_Handler                         0x0800ce63   Thumb Code   194  httpd_cgi_ssi.o(.text)
    BEEP_CGI_Handler                         0x0800cf25   Thumb Code   172  httpd_cgi_ssi.o(.text)
    WAY_CGI_Handler                          0x0800cfd1   Thumb Code   162  httpd_cgi_ssi.o(.text)
    httpd_ssi_init                           0x0800d073   Thumb Code    14  httpd_cgi_ssi.o(.text)
    httpd_cgi_init                           0x0800d081   Thumb Code    12  httpd_cgi_ssi.o(.text)
    etharp_tmr                               0x0800d14b   Thumb Code   136  etharp.o(.text)
    etharp_cleanup_netif                     0x0800d4d5   Thumb Code   336  etharp.o(.text)
    etharp_find_addr                         0x0800d625   Thumb Code   110  etharp.o(.text)
    etharp_request                           0x0800d8d7   Thumb Code    36  etharp.o(.text)
    etharp_query                             0x0800d989   Thumb Code   660  etharp.o(.text)
    etharp_output                            0x0800dc1d   Thumb Code   388  etharp.o(.text)
    ethernet_input                           0x0800dda1   Thumb Code   200  etharp.o(.text)
    ethernetif_input                         0x0800e00b   Thumb Code    44  ethernetif.o(.text)
    ethernetif_init                          0x0800e037   Thumb Code    56  ethernetif.o(.text)
    icmp_input                               0x0800e0f5   Thumb Code   452  icmp.o(.text)
    icmp_dest_unreach                        0x0800e341   Thumb Code    18  icmp.o(.text)
    icmp_time_exceeded                       0x0800e353   Thumb Code    18  icmp.o(.text)
    inet_chksum_pseudo                       0x0800e537   Thumb Code   162  inet_chksum.o(.text)
    inet_chksum_pseudo_partial               0x0800e5d9   Thumb Code   210  inet_chksum.o(.text)
    inet_chksum                              0x0800e6ab   Thumb Code    20  inet_chksum.o(.text)
    inet_chksum_pbuf                         0x0800e6bf   Thumb Code    86  inet_chksum.o(.text)
    ip_route                                 0x0800e77d   Thumb Code    76  ip.o(.text)
    ip_input                                 0x0800e7c9   Thumb Code   420  ip.o(.text)
    ip_output_if                             0x0800e96d   Thumb Code   240  ip.o(.text)
    ip_output                                0x0800ea5d   Thumb Code    80  ip.o(.text)
    ip4_addr_isbroadcast                     0x0800eb59   Thumb Code    78  ip_addr.o(.text)
    ip4_addr_netmask_valid                   0x0800eba7   Thumb Code    56  ip_addr.o(.text)
    ipaddr_aton                              0x0800ebdf   Thumb Code   364  ip_addr.o(.text)
    ipaddr_addr                              0x0800ed4b   Thumb Code    24  ip_addr.o(.text)
    ipaddr_ntoa_r                            0x0800ed63   Thumb Code   168  ip_addr.o(.text)
    ipaddr_ntoa                              0x0800ee0b   Thumb Code    16  ip_addr.o(.text)
    ip_reass_tmr                             0x0800efd5   Thumb Code    48  ip_frag.o(.text)
    ip_reass                                 0x0800f415   Thumb Code   386  ip_frag.o(.text)
    ip_frag                                  0x0800f61d   Thumb Code   618  ip_frag.o(.text)
    lwip_htons                               0x0800f887   Thumb Code    12  def.o(.text)
    lwip_ntohs                               0x0800f893   Thumb Code    12  def.o(.text)
    lwip_htonl                               0x0800f89f   Thumb Code    26  def.o(.text)
    lwip_ntohl                               0x0800f8b9   Thumb Code    12  def.o(.text)
    dhcp_renew                               0x08010145   Thumb Code   134  dhcp.o(.text)
    dhcp_coarse_tmr                          0x0801028f   Thumb Code    62  dhcp.o(.text)
    dhcp_release                             0x080103c9   Thumb Code   162  dhcp.o(.text)
    dhcp_fine_tmr                            0x0801061f   Thumb Code    64  dhcp.o(.text)
    dhcp_set_struct                          0x080106cf   Thumb Code   106  dhcp.o(.text)
    dhcp_cleanup                             0x08010739   Thumb Code   188  dhcp.o(.text)
    dhcp_stop                                0x080107f5   Thumb Code   108  dhcp.o(.text)
    dhcp_start                               0x08010e7b   Thumb Code   276  dhcp.o(.text)
    dhcp_inform                              0x08010f8f   Thumb Code   192  dhcp.o(.text)
    dhcp_network_changed                     0x0801104f   Thumb Code   150  dhcp.o(.text)
    dhcp_arp_reply                           0x08011163   Thumb Code    68  dhcp.o(.text)
    lwip_init                                0x080111b1   Thumb Code    28  init.o(.text)
    memp_get_memorysize                      0x080111cd   Thumb Code     8  memp.o(.text)
    memp_init                                0x080111d5   Thumb Code    86  memp.o(.text)
    memp_malloc                              0x0801122b   Thumb Code    88  memp.o(.text)
    memp_free                                0x08011283   Thumb Code    58  memp.o(.text)
    netif_init                               0x08011381   Thumb Code     2  netif.o(.text)
    netif_set_gw                             0x08011383   Thumb Code    12  netif.o(.text)
    netif_set_netmask                        0x0801138f   Thumb Code    12  netif.o(.text)
    netif_set_ipaddr                         0x0801139b   Thumb Code   110  netif.o(.text)
    netif_set_addr                           0x08011409   Thumb Code    40  netif.o(.text)
    netif_add                                0x08011431   Thumb Code   120  netif.o(.text)
    netif_set_default                        0x080114a9   Thumb Code     6  netif.o(.text)
    netif_set_down                           0x080114af   Thumb Code    42  netif.o(.text)
    netif_remove                             0x080114d9   Thumb Code    90  netif.o(.text)
    netif_find                               0x08011533   Thumb Code    64  netif.o(.text)
    netif_set_up                             0x08011573   Thumb Code    54  netif.o(.text)
    netif_set_link_up                        0x080115a9   Thumb Code    66  netif.o(.text)
    netif_set_link_down                      0x080115eb   Thumb Code    24  netif.o(.text)
    pbuf_free                                0x08011681   Thumb Code   244  pbuf.o(.text)
    pbuf_alloc                               0x08011775   Thumb Code   638  pbuf.o(.text)
    pbuf_alloced_custom                      0x080119f3   Thumb Code   676  pbuf.o(.text)
    pbuf_realloc                             0x08011c97   Thumb Code   268  pbuf.o(.text)
    pbuf_header                              0x08011da3   Thumb Code   206  pbuf.o(.text)
    pbuf_clen                                0x08011e71   Thumb Code    18  pbuf.o(.text)
    pbuf_ref                                 0x08011e83   Thumb Code    10  pbuf.o(.text)
    pbuf_cat                                 0x08011e8d   Thumb Code   138  pbuf.o(.text)
    pbuf_chain                               0x08011f17   Thumb Code    22  pbuf.o(.text)
    pbuf_dechain                             0x08011f2d   Thumb Code   122  pbuf.o(.text)
    pbuf_copy                                0x08011fa7   Thumb Code   814  pbuf.o(.text)
    pbuf_copy_partial                        0x080122d5   Thumb Code   190  pbuf.o(.text)
    pbuf_take                                0x08012393   Thumb Code   210  pbuf.o(.text)
    pbuf_coalesce                            0x08012465   Thumb Code    84  pbuf.o(.text)
    pbuf_get_at                              0x080124b9   Thumb Code    46  pbuf.o(.text)
    pbuf_memcmp                              0x080124e7   Thumb Code    96  pbuf.o(.text)
    pbuf_memfind                             0x08012547   Thumb Code    76  pbuf.o(.text)
    pbuf_strstr                              0x08012593   Thumb Code    60  pbuf.o(.text)
    raw_input                                0x080126b9   Thumb Code   102  raw.o(.text)
    raw_bind                                 0x0801271f   Thumb Code    16  raw.o(.text)
    raw_connect                              0x0801272f   Thumb Code    16  raw.o(.text)
    raw_recv                                 0x0801273f   Thumb Code     6  raw.o(.text)
    raw_sendto                               0x08012745   Thumb Code   178  raw.o(.text)
    raw_send                                 0x080127f7   Thumb Code    18  raw.o(.text)
    raw_remove                               0x08012809   Thumb Code    60  raw.o(.text)
    raw_new                                  0x08012845   Thumb Code    42  raw.o(.text)
    tcp_init                                 0x080128f5   Thumb Code     2  tcp.o(.text)
    tcp_seg_free                             0x080128f7   Thumb Code    26  tcp.o(.text)
    tcp_segs_free                            0x08012911   Thumb Code    24  tcp.o(.text)
    tcp_pcb_purge                            0x08012929   Thumb Code    64  tcp.o(.text)
    tcp_slowtmr                              0x08012969   Thumb Code  1424  tcp.o(.text)
    tcp_pcb_remove                           0x08012ef9   Thumb Code   192  tcp.o(.text)
    tcp_close                                0x08013185   Thumb Code    28  tcp.o(.text)
    tcp_update_rcv_ann_wnd                   0x080131a1   Thumb Code   106  tcp.o(.text)
    tcp_recved                               0x0801320b   Thumb Code   132  tcp.o(.text)
    tcp_recv_null                            0x0801328f   Thumb Code   298  tcp.o(.text)
    tcp_process_refused_data                 0x080133b9   Thumb Code   140  tcp.o(.text)
    tcp_fasttmr                              0x08013445   Thumb Code   110  tcp.o(.text)
    tcp_tmr                                  0x080134b3   Thumb Code    30  tcp.o(.text)
    tcp_shutdown                             0x080134d1   Thumb Code    98  tcp.o(.text)
    tcp_abandon                              0x08013533   Thumb Code   164  tcp.o(.text)
    tcp_abort                                0x080135d7   Thumb Code    14  tcp.o(.text)
    tcp_bind                                 0x08013645   Thumb Code   166  tcp.o(.text)
    tcp_listen_with_backlog                  0x080136f3   Thumb Code   222  tcp.o(.text)
    tcp_eff_send_mss                         0x080137d1   Thumb Code    46  tcp.o(.text)
    tcp_next_iss                             0x080137ff   Thumb Code    20  tcp.o(.text)
    tcp_connect                              0x08013813   Thumb Code   580  tcp.o(.text)
    tcp_setprio                              0x08013a57   Thumb Code     4  tcp.o(.text)
    tcp_alloc                                0x08013ad9   Thumb Code   174  tcp.o(.text)
    tcp_new                                  0x08013b87   Thumb Code    10  tcp.o(.text)
    tcp_arg                                  0x08013b91   Thumb Code     4  tcp.o(.text)
    tcp_recv                                 0x08013b95   Thumb Code    42  tcp.o(.text)
    tcp_sent                                 0x08013bbf   Thumb Code    42  tcp.o(.text)
    tcp_err                                  0x08013be9   Thumb Code    44  tcp.o(.text)
    tcp_accept                               0x08013c15   Thumb Code     4  tcp.o(.text)
    tcp_poll                                 0x08013c19   Thumb Code    50  tcp.o(.text)
    tcp_debug_state_str                      0x08013c4b   Thumb Code    10  tcp.o(.text)
    tcp_input                                0x08014e59   Thumb Code  1658  tcp_in.o(.text)
    tcp_enqueue_flags                        0x08015615   Thumb Code   396  tcp_out.o(.text)
    tcp_send_fin                             0x080157a1   Thumb Code    74  tcp_out.o(.text)
    tcp_write                                0x08015a77   Thumb Code  1564  tcp_out.o(.text)
    tcp_send_empty_ack                       0x08016093   Thumb Code    78  tcp_out.o(.text)
    tcp_output                               0x080161ab   Thumb Code   662  tcp_out.o(.text)
    tcp_rst                                  0x08016441   Thumb Code   154  tcp_out.o(.text)
    tcp_rexmit_rto                           0x080164db   Thumb Code    58  tcp_out.o(.text)
    tcp_rexmit                               0x08016515   Thumb Code    90  tcp_out.o(.text)
    tcp_rexmit_fast                          0x0801656f   Thumb Code   112  tcp_out.o(.text)
    tcp_keepalive                            0x080165df   Thumb Code    68  tcp_out.o(.text)
    tcp_zero_window_probe                    0x08016623   Thumb Code   164  tcp_out.o(.text)
    sys_timeout                              0x080166c9   Thumb Code   174  timers.o(.text)
    tcp_timer_needed                         0x0801679f   Thumb Code    38  timers.o(.text)
    sys_timeouts_init                        0x0801681d   Thumb Code    60  timers.o(.text)
    sys_untimeout                            0x08016859   Thumb Code    90  timers.o(.text)
    sys_check_timeouts                       0x080168b3   Thumb Code    92  timers.o(.text)
    sys_restart_timeouts                     0x0801690f   Thumb Code    12  timers.o(.text)
    udp_init                                 0x080169d9   Thumb Code     2  udp.o(.text)
    udp_input                                0x08016a2b   Thumb Code   492  udp.o(.text)
    udp_bind                                 0x08016c17   Thumb Code   146  udp.o(.text)
    udp_sendto_if                            0x08016ca9   Thumb Code   230  udp.o(.text)
    udp_sendto                               0x08016d8f   Thumb Code   242  udp.o(.text)
    udp_send                                 0x08016e81   Thumb Code    20  udp.o(.text)
    udp_connect                              0x08016e95   Thumb Code    94  udp.o(.text)
    udp_disconnect                           0x08016ef3   Thumb Code    16  udp.o(.text)
    udp_recv                                 0x08016f03   Thumb Code     6  udp.o(.text)
    udp_remove                               0x08016f09   Thumb Code    60  udp.o(.text)
    udp_new                                  0x08016f45   Thumb Code    28  udp.o(.text)
    mem_init                                 0x0801703f   Thumb Code    78  mem.o(.text)
    mem_free                                 0x0801708d   Thumb Code   148  mem.o(.text)
    mem_trim                                 0x08017121   Thumb Code   308  mem.o(.text)
    mem_malloc                               0x08017255   Thumb Code   740  mem.o(.text)
    mem_calloc                               0x08017539   Thumb Code    34  mem.o(.text)
    sys_now                                  0x08017609   Thumb Code     6  sys_arch.o(.text)
    mymemcpy                                 0x08017615   Thumb Code    26  malloc.o(.text)
    mymemset                                 0x0801762f   Thumb Code    20  malloc.o(.text)
    mymem_init                               0x08017643   Thumb Code    54  malloc.o(.text)
    mem_perused                              0x08017679   Thumb Code    54  malloc.o(.text)
    mymem_malloc                             0x080176af   Thumb Code   162  malloc.o(.text)
    mymem_free                               0x08017751   Thumb Code    94  malloc.o(.text)
    myfree                                   0x080177af   Thumb Code    32  malloc.o(.text)
    mymalloc                                 0x080177cf   Thumb Code    36  malloc.o(.text)
    myrealloc                                0x080177f3   Thumb Code    68  malloc.o(.text)
    __use_no_semihosting                     0x08017849   Thumb Code     2  use_no_semi_2.o(.text)
    __2printf                                0x0801784d   Thumb Code    20  noretval__2printf.o(.text)
    __2sprintf                               0x08017865   Thumb Code    34  noretval__2sprintf.o(.text)
    __printf                                 0x0801788d   Thumb Code   104  __printf.o(.text)
    _printf_str                              0x080178f5   Thumb Code    82  _printf_str.o(.text)
    _printf_int_dec                          0x08017949   Thumb Code   104  _printf_dec.o(.text)
    _printf_int_hex                          0x080179c1   Thumb Code    84  _printf_hex_int.o(.text)
    _printf_longlong_hex                     0x080179c1   Thumb Code     0  _printf_hex_int.o(.text)
    strchr                                   0x08017a19   Thumb Code    20  strchr.o(.text)
    strstr                                   0x08017a2d   Thumb Code    36  strstr.o(.text)
    memcmp                                   0x08017a51   Thumb Code    88  memcmp.o(.text)
    strlen                                   0x08017aa9   Thumb Code    62  strlen.o(.text)
    strncmp                                  0x08017ae7   Thumb Code   150  strncmp.o(.text)
    __aeabi_memcpy                           0x08017b7d   Thumb Code     0  rt_memcpy_v6.o(.text)
    __rt_memcpy                              0x08017b7d   Thumb Code   138  rt_memcpy_v6.o(.text)
    _memcpy_lastbytes                        0x08017be3   Thumb Code     0  rt_memcpy_v6.o(.text)
    __aeabi_memcpy4                          0x08017c07   Thumb Code     0  rt_memcpy_w.o(.text)
    __aeabi_memcpy8                          0x08017c07   Thumb Code     0  rt_memcpy_w.o(.text)
    __rt_memcpy_w                            0x08017c07   Thumb Code   100  rt_memcpy_w.o(.text)
    _memcpy_lastbytes_aligned                0x08017c4f   Thumb Code     0  rt_memcpy_w.o(.text)
    __aeabi_memclr                           0x08017c6b   Thumb Code     0  rt_memclr.o(.text)
    __rt_memclr                              0x08017c6b   Thumb Code    68  rt_memclr.o(.text)
    _memset                                  0x08017c6f   Thumb Code     0  rt_memclr.o(.text)
    __aeabi_memclr4                          0x08017caf   Thumb Code     0  rt_memclr_w.o(.text)
    __aeabi_memclr8                          0x08017caf   Thumb Code     0  rt_memclr_w.o(.text)
    __rt_memclr_w                            0x08017caf   Thumb Code    78  rt_memclr_w.o(.text)
    _memset_w                                0x08017cb3   Thumb Code     0  rt_memclr_w.o(.text)
    strcmp                                   0x08017cfd   Thumb Code   128  strcmpv7m.o(.text)
    __use_two_region_memory                  0x08017d7d   Thumb Code     2  heapauxi.o(.text)
    __rt_heap_escrow$2region                 0x08017d7f   Thumb Code     2  heapauxi.o(.text)
    __rt_heap_expand$2region                 0x08017d81   Thumb Code     2  heapauxi.o(.text)
    __I$use$semihosting                      0x08017d83   Thumb Code     0  use_no_semi.o(.text)
    __use_no_semihosting_swi                 0x08017d83   Thumb Code     2  use_no_semi.o(.text)
    _printf_int_common                       0x08017d85   Thumb Code   178  _printf_intcommon.o(.text)
    _printf_char_common                      0x08017e43   Thumb Code    32  _printf_char_common.o(.text)
    _sputc                                   0x08017e69   Thumb Code    10  _sputc.o(.text)
    _printf_cs_common                        0x08017e73   Thumb Code    20  _printf_char.o(.text)
    _printf_char                             0x08017e87   Thumb Code    16  _printf_char.o(.text)
    _printf_string                           0x08017e97   Thumb Code     8  _printf_char.o(.text)
    _printf_char_file                        0x08017ea1   Thumb Code    32  _printf_char_file.o(.text)
    ferror                                   0x08017ec5   Thumb Code     8  ferror.o(.text)
    __user_setup_stackheap                   0x08017ecd   Thumb Code    74  sys_stackheap_outer.o(.text)
    exit                                     0x08017f17   Thumb Code    12  exit.o(.text)
    __user_libspace                          0x08017f25   Thumb Code     8  libspace.o(.text)
    __user_perproc_libspace                  0x08017f25   Thumb Code     0  libspace.o(.text)
    __user_perthread_libspace                0x08017f25   Thumb Code     0  libspace.o(.text)
    __aeabi_dadd                             0x08017f2d   Thumb Code     0  daddsub_clz.o(x$fpl$dadd)
    _dadd                                    0x08017f2d   Thumb Code   332  daddsub_clz.o(x$fpl$dadd)
    __aeabi_ddiv                             0x0801807d   Thumb Code     0  ddiv.o(x$fpl$ddiv)
    _ddiv                                    0x0801807d   Thumb Code   552  ddiv.o(x$fpl$ddiv)
    __aeabi_d2iz                             0x0801832d   Thumb Code     0  dfix.o(x$fpl$dfix)
    _dfix                                    0x0801832d   Thumb Code    94  dfix.o(x$fpl$dfix)
    __aeabi_d2uiz                            0x0801838d   Thumb Code     0  dfixu.o(x$fpl$dfixu)
    _dfixu                                   0x0801838d   Thumb Code    90  dfixu.o(x$fpl$dfixu)
    __aeabi_i2d                              0x080183e7   Thumb Code     0  dflt_clz.o(x$fpl$dflt)
    _dflt                                    0x080183e7   Thumb Code    46  dflt_clz.o(x$fpl$dflt)
    __aeabi_ui2d                             0x08018415   Thumb Code     0  dflt_clz.o(x$fpl$dfltu)
    _dfltu                                   0x08018415   Thumb Code    38  dflt_clz.o(x$fpl$dfltu)
    __aeabi_dmul                             0x0801843d   Thumb Code     0  dmul.o(x$fpl$dmul)
    _dmul                                    0x0801843d   Thumb Code   332  dmul.o(x$fpl$dmul)
    __fpl_dnaninf                            0x08018591   Thumb Code   156  dnaninf.o(x$fpl$dnaninf)
    __fpl_dretinf                            0x0801862d   Thumb Code    12  dretinf.o(x$fpl$dretinf)
    __aeabi_dsub                             0x08018639   Thumb Code     0  daddsub_clz.o(x$fpl$dsub)
    _dsub                                    0x08018639   Thumb Code   464  daddsub_clz.o(x$fpl$dsub)
    __aeabi_f2d                              0x0801880d   Thumb Code     0  f2d.o(x$fpl$f2d)
    _f2d                                     0x0801880d   Thumb Code    86  f2d.o(x$fpl$f2d)
    __fpl_fnaninf                            0x08018863   Thumb Code   140  fnaninf.o(x$fpl$fnaninf)
    _fp_init                                 0x080188ef   Thumb Code    10  fpinit.o(x$fpl$fpinit)
    __fplib_config_fpu_vfp                   0x080188f7   Thumb Code     0  fpinit.o(x$fpl$fpinit)
    __fplib_config_pureend_doubles           0x080188f7   Thumb Code     0  fpinit.o(x$fpl$fpinit)
    __I$use$fp                               0x080188f8   Number         0  usenofp.o(x$fpl$usenofp)
    asc2_1206                                0x080188f8   Data        1140  lcd.o(.constdata)
    asc2_1608                                0x08018d6c   Data        1520  lcd.o(.constdata)
    asc2_2412                                0x0801935c   Data        3420  lcd.o(.constdata)
    FSMC_DefaultTimingStruct                 0x0801a0b8   Data          28  stm32f4xx_fsmc.o(.constdata)
    file__image_down_png                     0x0804a530   Data          20  fs.o(.constdata)
    file__image_head_jpg                     0x0804a544   Data          20  fs.o(.constdata)
    file__image_icon_png                     0x0804a558   Data          20  fs.o(.constdata)
    file__image_left_png                     0x0804a56c   Data          20  fs.o(.constdata)
    file__image_right_png                    0x0804a580   Data          20  fs.o(.constdata)
    file__image_stop_png                     0x0804a594   Data          20  fs.o(.constdata)
    file__image_tab_jpg                      0x0804a5a8   Data          20  fs.o(.constdata)
    file__image_up_png                       0x0804a5bc   Data          20  fs.o(.constdata)
    file__404_html                           0x0804a5d0   Data          20  fs.o(.constdata)
    file__camera_shtml                       0x0804a5e4   Data          20  fs.o(.constdata)
    file__index_shtml                        0x0804a5f8   Data          20  fs.o(.constdata)
    file__STM32F407ADC_TEMPERATE_shtml       0x0804a60c   Data          20  fs.o(.constdata)
    file__STM32F407LED_OFF_BEEP_OFF_shtml    0x0804a620   Data          20  fs.o(.constdata)
    file__STM32F407RTC_shtml                 0x0804a634   Data          20  fs.o(.constdata)
    g_psDefaultFilenames                     0x0804a648   Data          40  httpd.o(.constdata)
    g_pcTagLeadIn                            0x0804a670   Data           4  httpd.o(.constdata)
    g_pcTagLeadOut                           0x0804a674   Data           4  httpd.o(.constdata)
    ethbroadcast                             0x0804a690   Data           6  etharp.o(.constdata)
    ethzero                                  0x0804a696   Data           6  etharp.o(.constdata)
    ip_addr_any                              0x0804a69c   Data           4  ip_addr.o(.constdata)
    ip_addr_broadcast                        0x0804a6a0   Data           4  ip_addr.o(.constdata)
    tcp_state_str                            0x0804a6cc   Data          44  tcp.o(.constdata)
    tcp_backoff                              0x0804a6f8   Data          13  tcp.o(.constdata)
    tcp_persist_backoff                      0x0804a705   Data           7  tcp.o(.constdata)
    tcp_pcb_lists                            0x0804a70c   Data          16  tcp.o(.constdata)
    memtblsize                               0x0804a71c   Data          12  malloc.o(.constdata)
    memblksize                               0x0804a728   Data          12  malloc.o(.constdata)
    memsize                                  0x0804a734   Data          12  malloc.o(.constdata)
    Region$$Table$$Base                      0x0804a9b0   Number         0  anon$$obj.o(Region$$Table)
    Region$$Table$$Limit                     0x0804a9d0   Number         0  anon$$obj.o(Region$$Table)
    mem3base                                 0x10000000   Data       61440  malloc.o(.ARM.__AT_0x10000000)
    mem3mapbase                              0x1000f000   Data        3840  malloc.o(.ARM.__AT_0x1000F000)
    SystemCoreClock                          0x20000000   Data           4  system_stm32f4xx.o(.data)
    AHBPrescTable                            0x20000004   Data          16  system_stm32f4xx.o(.data)
    POINT_COLOR                              0x20000016   Data           2  lcd.o(.data)
    BACK_COLOR                               0x20000018   Data           2  lcd.o(.data)
    DMARxDscrTab                             0x2000001c   Data           4  lan8720.o(.data)
    DMATxDscrTab                             0x20000020   Data           4  lan8720.o(.data)
    Rx_Buff                                  0x20000024   Data           4  lan8720.o(.data)
    Tx_Buff                                  0x20000028   Data           4  lan8720.o(.data)
    DMATxDescToSet                           0x2000003c   Data           4  stm32f4x7_eth.o(.data)
    DMARxDescToGet                           0x20000040   Data           4  stm32f4x7_eth.o(.data)
    DMA_RX_FRAME_infos                       0x20000044   Data           4  stm32f4x7_eth.o(.data)
    Frame_Rx_index                           0x20000048   Data           4  stm32f4x7_eth.o(.data)
    __stdout                                 0x20000050   Data           4  usart.o(.data)
    USART_RX_STA                             0x20000054   Data           2  usart.o(.data)
    TCPTimer                                 0x20000058   Data           4  lwip_comm.o(.data)
    ARPTimer                                 0x2000005c   Data           4  lwip_comm.o(.data)
    lwip_localtime                           0x20000060   Data           4  lwip_comm.o(.data)
    DHCPfineTimer                            0x20000064   Data           4  lwip_comm.o(.data)
    DHCPcoarseTimer                          0x20000068   Data           4  lwip_comm.o(.data)
    g_pcSSIExtensions                        0x2000006c   Data          16  httpd.o(.data)
    g_pfnSSIHandler                          0x2000007c   Data           4  httpd.o(.data)
    g_iNumTags                               0x20000080   Data           4  httpd.o(.data)
    g_ppcTags                                0x20000084   Data           4  httpd.o(.data)
    g_pCGIs                                  0x20000088   Data           4  httpd.o(.data)
    g_iNumCGIs                               0x2000008c   Data           4  httpd.o(.data)
    current_netif                            0x200000ac   Data           4  ip.o(.data)
    current_header                           0x200000b0   Data           4  ip.o(.data)
    current_iphdr_src                        0x200000b4   Data           4  ip.o(.data)
    current_iphdr_dest                       0x200000b8   Data           4  ip.o(.data)
    memp_memory                              0x200000cc   Data           4  memp.o(.data)
    netif_list                               0x200000d0   Data           4  netif.o(.data)
    netif_default                            0x200000d4   Data           4  netif.o(.data)
    tcp_ticks                                0x200000e4   Data           4  tcp.o(.data)
    tcp_bound_pcbs                           0x200000e8   Data           4  tcp.o(.data)
    tcp_listen_pcbs                          0x200000ec   Data           4  tcp.o(.data)
    tcp_active_pcbs                          0x200000f0   Data           4  tcp.o(.data)
    tcp_tw_pcbs                              0x200000f4   Data           4  tcp.o(.data)
    tcp_tmp_pcb                              0x200000f8   Data           4  tcp.o(.data)
    tcp_active_pcbs_changed                  0x200000fc   Data           1  tcp.o(.data)
    tcp_input_pcb                            0x20000120   Data           4  tcp_in.o(.data)
    udp_pcbs                                 0x20000134   Data           4  udp.o(.data)
    ram_heap                                 0x20000138   Data           4  mem.o(.data)
    mallco_dev                               0x20000148   Data          36  malloc.o(.data)
    lcddev                                   0x2000016c   Data          14  lcd.o(.bss)
    RX_Frame_Descriptor                      0x2000017c   Data          12  stm32f4x7_eth.o(.bss)
    USART_RX_BUF                             0x20000188   Data         200  usart.o(.bss)
    lwipdev                                  0x20000250   Data          23  lwip_comm.o(.bss)
    lwip_netif                               0x20000268   Data          52  lwip_comm.o(.bss)
    fs_memory                                0x2000029c   Data         240  fs.o(.bss)
    dhcp_rx_options_val                      0x20000864   Data          40  dhcp.o(.bss)
    dhcp_rx_options_given                    0x2000088c   Data          10  dhcp.o(.bss)
    mem1base                                 0x200008d0   Data       102400  malloc.o(.bss)
    mem1mapbase                              0x200198d0   Data        6400  malloc.o(.bss)
    __libspace_start                         0x2001b1d0   Data          96  libspace.o(.bss)
    __temporary_stack_top$libspace           0x2001b230   Data           0  libspace.o(.bss)
    mem2base                                 0x68000000   Data       204800  malloc.o(.ARM.__AT_0x68000000)
    mem2mapbase                              0x68032000   Data       12800  malloc.o(.ARM.__AT_0x68032000)



==============================================================================

Memory Map of the image

  Image Entry point : 0x08000189

  Load Region LR_IROM1 (Base: 0x08000000, Size: 0x0004ab3c, Max: 0x00100000, ABSOLUTE, COMPRESSED[0x0004aa38])

    Execution Region ER_IROM1 (Base: 0x08000000, Size: 0x0004a9d0, Max: 0x00100000, ABSOLUTE)

    Base Addr    Size         Type   Attr      Idx    E Section Name        Object

    0x08000000   0x00000188   Data   RO          643    RESET               startup_stm32f40_41xxx.o
    0x08000188   0x00000008   Code   RO         1819  * !!!main             c_w.l(__main.o)
    0x08000190   0x00000034   Code   RO         2027    !!!scatter          c_w.l(__scatter.o)
    0x080001c4   0x0000005a   Code   RO         2025    !!dczerorl2         c_w.l(__dczerorl2.o)
    0x0800021e   0x00000002   PAD
    0x08000220   0x0000001c   Code   RO         2029    !!handler_zi        c_w.l(__scatter_zi.o)
    0x0800023c   0x00000000   Code   RO         1796    .ARM.Collect$$_printf_percent$$00000000  c_w.l(_printf_percent.o)
    0x0800023c   0x00000006   Code   RO         1795    .ARM.Collect$$_printf_percent$$00000009  c_w.l(_printf_d.o)
    0x08000242   0x00000006   Code   RO         1794    .ARM.Collect$$_printf_percent$$0000000C  c_w.l(_printf_x.o)
    0x08000248   0x00000006   Code   RO         1793    .ARM.Collect$$_printf_percent$$00000014  c_w.l(_printf_s.o)
    0x0800024e   0x00000004   Code   RO         1862    .ARM.Collect$$_printf_percent$$00000017  c_w.l(_printf_percent_end.o)
    0x08000252   0x00000002   Code   RO         1900    .ARM.Collect$$libinit$$00000000  c_w.l(libinit.o)
    0x08000254   0x00000004   Code   RO         1906    .ARM.Collect$$libinit$$00000001  c_w.l(libinit2.o)
    0x08000258   0x00000000   Code   RO         1909    .ARM.Collect$$libinit$$00000004  c_w.l(libinit2.o)
    0x08000258   0x00000000   Code   RO         1912    .ARM.Collect$$libinit$$0000000A  c_w.l(libinit2.o)
    0x08000258   0x00000000   Code   RO         1914    .ARM.Collect$$libinit$$0000000C  c_w.l(libinit2.o)
    0x08000258   0x00000000   Code   RO         1916    .ARM.Collect$$libinit$$0000000E  c_w.l(libinit2.o)
    0x08000258   0x00000000   Code   RO         1919    .ARM.Collect$$libinit$$00000011  c_w.l(libinit2.o)
    0x08000258   0x00000000   Code   RO         1921    .ARM.Collect$$libinit$$00000013  c_w.l(libinit2.o)
    0x08000258   0x00000000   Code   RO         1923    .ARM.Collect$$libinit$$00000015  c_w.l(libinit2.o)
    0x08000258   0x00000000   Code   RO         1925    .ARM.Collect$$libinit$$00000017  c_w.l(libinit2.o)
    0x08000258   0x00000000   Code   RO         1927    .ARM.Collect$$libinit$$00000019  c_w.l(libinit2.o)
    0x08000258   0x00000000   Code   RO         1929    .ARM.Collect$$libinit$$0000001B  c_w.l(libinit2.o)
    0x08000258   0x00000000   Code   RO         1931    .ARM.Collect$$libinit$$0000001D  c_w.l(libinit2.o)
    0x08000258   0x00000000   Code   RO         1933    .ARM.Collect$$libinit$$0000001F  c_w.l(libinit2.o)
    0x08000258   0x00000000   Code   RO         1935    .ARM.Collect$$libinit$$00000021  c_w.l(libinit2.o)
    0x08000258   0x00000000   Code   RO         1937    .ARM.Collect$$libinit$$00000023  c_w.l(libinit2.o)
    0x08000258   0x00000000   Code   RO         1939    .ARM.Collect$$libinit$$00000025  c_w.l(libinit2.o)
    0x08000258   0x00000000   Code   RO         1943    .ARM.Collect$$libinit$$0000002C  c_w.l(libinit2.o)
    0x08000258   0x00000000   Code   RO         1945    .ARM.Collect$$libinit$$0000002E  c_w.l(libinit2.o)
    0x08000258   0x00000000   Code   RO         1947    .ARM.Collect$$libinit$$00000030  c_w.l(libinit2.o)
    0x08000258   0x00000000   Code   RO         1949    .ARM.Collect$$libinit$$00000032  c_w.l(libinit2.o)
    0x08000258   0x00000002   Code   RO         1950    .ARM.Collect$$libinit$$00000033  c_w.l(libinit2.o)
    0x0800025a   0x00000002   Code   RO         1968    .ARM.Collect$$libshutdown$$00000000  c_w.l(libshutdown.o)
    0x0800025c   0x00000000   Code   RO         1979    .ARM.Collect$$libshutdown$$00000003  c_w.l(libshutdown2.o)
    0x0800025c   0x00000000   Code   RO         1982    .ARM.Collect$$libshutdown$$00000006  c_w.l(libshutdown2.o)
    0x0800025c   0x00000000   Code   RO         1985    .ARM.Collect$$libshutdown$$00000009  c_w.l(libshutdown2.o)
    0x0800025c   0x00000000   Code   RO         1987    .ARM.Collect$$libshutdown$$0000000B  c_w.l(libshutdown2.o)
    0x0800025c   0x00000000   Code   RO         1990    .ARM.Collect$$libshutdown$$0000000E  c_w.l(libshutdown2.o)
    0x0800025c   0x00000002   Code   RO         1991    .ARM.Collect$$libshutdown$$0000000F  c_w.l(libshutdown2.o)
    0x0800025e   0x00000000   Code   RO         1851    .ARM.Collect$$rtentry$$00000000  c_w.l(__rtentry.o)
    0x0800025e   0x00000000   Code   RO         1871    .ARM.Collect$$rtentry$$00000002  c_w.l(__rtentry2.o)
    0x0800025e   0x00000006   Code   RO         1883    .ARM.Collect$$rtentry$$00000004  c_w.l(__rtentry4.o)
    0x08000264   0x00000000   Code   RO         1873    .ARM.Collect$$rtentry$$00000009  c_w.l(__rtentry2.o)
    0x08000264   0x00000004   Code   RO         1874    .ARM.Collect$$rtentry$$0000000A  c_w.l(__rtentry2.o)
    0x08000268   0x00000000   Code   RO         1876    .ARM.Collect$$rtentry$$0000000C  c_w.l(__rtentry2.o)
    0x08000268   0x00000008   Code   RO         1877    .ARM.Collect$$rtentry$$0000000D  c_w.l(__rtentry2.o)
    0x08000270   0x00000002   Code   RO         1904    .ARM.Collect$$rtexit$$00000000  c_w.l(rtexit.o)
    0x08000272   0x00000000   Code   RO         1952    .ARM.Collect$$rtexit$$00000002  c_w.l(rtexit2.o)
    0x08000272   0x00000004   Code   RO         1953    .ARM.Collect$$rtexit$$00000003  c_w.l(rtexit2.o)
    0x08000276   0x00000006   Code   RO         1954    .ARM.Collect$$rtexit$$00000004  c_w.l(rtexit2.o)
    0x0800027c   0x00000390   Code   RO            3    .text               main.o
    0x0800060c   0x0000001a   Code   RO          244    .text               stm32f4xx_it.o
    0x08000626   0x00000002   PAD
    0x08000628   0x00000210   Code   RO          293    .text               system_stm32f4xx.o
    0x08000838   0x00000104   Code   RO          319    .text               key.o
    0x0800093c   0x00000084   Code   RO          340    .text               led.o
    0x080009c0   0x00000084   Code   RO          360    .text               timer.o
    0x08000a44   0x00004ca8   Code   RO          385    .text               lcd.o
    0x080056ec   0x00000390   Code   RO          423    .text               lan8720.o
    0x08005a7c   0x000002a4   Code   RO          450    .text               sram.o
    0x08005d20   0x00000040   Code   RO          470    .text               beep.o
    0x08005d60   0x00000194   Code   RO          490    .text               temperature.o
    0x08005ef4   0x00000414   Code   RO          513    .text               rtc.o
    0x08006308   0x00000258   Code   RO          533    .text               ds18b20.o
    0x08006560   0x00000198   Code   RO          553    .text               dht11.o
    0x080066f8   0x0000010c   Code   RO          573    .text               moto.o
    0x08006804   0x0000019c   Code   RO          593    .text               exti.o
    0x080069a0   0x000000dc   Code   RO          613    .text               usart3.o
    0x08006a7c   0x00000040   Code   RO          644    .text               startup_stm32f40_41xxx.o
    0x08006abc   0x000000dc   Code   RO          650    .text               adc.o
    0x08006b98   0x000000e0   Code   RO          670    .text               misc.o
    0x08006c78   0x00000294   Code   RO          690    .text               stm32f4xx_gpio.o
    0x08006f0c   0x0000065c   Code   RO          710    .text               stm32f4xx_rcc.o
    0x08007568   0x00000094   Code   RO          732    .text               stm32f4xx_syscfg.o
    0x080075fc   0x00000ca2   Code   RO          752    .text               stm32f4xx_tim.o
    0x0800829e   0x00000002   PAD
    0x080082a0   0x00000454   Code   RO          772    .text               stm32f4xx_usart.o
    0x080086f4   0x00000e40   Code   RO          792    .text               stm32f4x7_eth.o
    0x08009534   0x00000464   Code   RO          819    .text               stm32f4xx_adc.o
    0x08009998   0x000005c8   Code   RO          839    .text               stm32f4xx_fsmc.o
    0x08009f60   0x00000110   Code   RO          862    .text               stm32f4xx_exti.o
    0x0800a070   0x0000016c   Code   RO          882    .text               stm32f4xx_pwr.o
    0x0800a1dc   0x00000d68   Code   RO          902    .text               stm32f4xx_rtc.o
    0x0800af44   0x00000114   Code   RO          922    .text               delay.o
    0x0800b058   0x000001f0   Code   RO          962    .text               usart.o
    0x0800b248   0x00000528   Code   RO          993    .text               lwip_comm.o
    0x0800b770   0x00000108   Code   RO         1072    .text               fs.o
    0x0800b878   0x00001200   Code   RO         1099    .text               httpd.o
    0x0800ca78   0x00000698   Code   RO         1148    .text               httpd_cgi_ssi.o
    0x0800d110   0x00000dc0   Code   RO         1170    .text               etharp.o
    0x0800ded0   0x00000224   Code   RO         1199    .text               ethernetif.o
    0x0800e0f4   0x000003e4   Code   RO         1245    .text               icmp.o
    0x0800e4d8   0x000002a4   Code   RO         1282    .text               inet_chksum.o
    0x0800e77c   0x000003dc   Code   RO         1297    .text               ip.o
    0x0800eb58   0x0000032c   Code   RO         1327    .text               ip_addr.o
    0x0800ee84   0x00000a02   Code   RO         1350    .text               ip_frag.o
    0x0800f886   0x0000003e   Code   RO         1367    .text               def.o
    0x0800f8c4   0x000018ec   Code   RO         1379    .text               dhcp.o
    0x080111b0   0x0000001c   Code   RO         1405    .text               init.o
    0x080111cc   0x000001b4   Code   RO         1432    .text               memp.o
    0x08011380   0x00000300   Code   RO         1458    .text               netif.o
    0x08011680   0x00001038   Code   RO         1480    .text               pbuf.o
    0x080126b8   0x0000023c   Code   RO         1492    .text               raw.o
    0x080128f4   0x0000141c   Code   RO         1512    .text               tcp.o
    0x08013d10   0x000017c2   Code   RO         1536    .text               tcp_in.o
    0x080154d2   0x00000002   PAD
    0x080154d4   0x000011f2   Code   RO         1559    .text               tcp_out.o
    0x080166c6   0x00000002   PAD
    0x080166c8   0x00000310   Code   RO         1572    .text               timers.o
    0x080169d8   0x0000058c   Code   RO         1586    .text               udp.o
    0x08016f64   0x000006a4   Code   RO         1615    .text               mem.o
    0x08017608   0x0000000c   Code   RO         1632    .text               sys_arch.o
    0x08017614   0x00000234   Code   RO         1704    .text               malloc.o
    0x08017848   0x00000002   Code   RO         1736    .text               c_w.l(use_no_semi_2.o)
    0x0801784a   0x00000002   PAD
    0x0801784c   0x00000018   Code   RO         1742    .text               c_w.l(noretval__2printf.o)
    0x08017864   0x00000028   Code   RO         1744    .text               c_w.l(noretval__2sprintf.o)
    0x0801788c   0x00000068   Code   RO         1746    .text               c_w.l(__printf.o)
    0x080178f4   0x00000052   Code   RO         1748    .text               c_w.l(_printf_str.o)
    0x08017946   0x00000002   PAD
    0x08017948   0x00000078   Code   RO         1750    .text               c_w.l(_printf_dec.o)
    0x080179c0   0x00000058   Code   RO         1755    .text               c_w.l(_printf_hex_int.o)
    0x08017a18   0x00000014   Code   RO         1797    .text               c_w.l(strchr.o)
    0x08017a2c   0x00000024   Code   RO         1799    .text               c_w.l(strstr.o)
    0x08017a50   0x00000058   Code   RO         1801    .text               c_w.l(memcmp.o)
    0x08017aa8   0x0000003e   Code   RO         1803    .text               c_w.l(strlen.o)
    0x08017ae6   0x00000096   Code   RO         1805    .text               c_w.l(strncmp.o)
    0x08017b7c   0x0000008a   Code   RO         1807    .text               c_w.l(rt_memcpy_v6.o)
    0x08017c06   0x00000064   Code   RO         1809    .text               c_w.l(rt_memcpy_w.o)
    0x08017c6a   0x00000044   Code   RO         1811    .text               c_w.l(rt_memclr.o)
    0x08017cae   0x0000004e   Code   RO         1813    .text               c_w.l(rt_memclr_w.o)
    0x08017cfc   0x00000080   Code   RO         1815    .text               c_w.l(strcmpv7m.o)
    0x08017d7c   0x00000006   Code   RO         1817    .text               c_w.l(heapauxi.o)
    0x08017d82   0x00000002   Code   RO         1849    .text               c_w.l(use_no_semi.o)
    0x08017d84   0x000000b2   Code   RO         1852    .text               c_w.l(_printf_intcommon.o)
    0x08017e36   0x00000002   PAD
    0x08017e38   0x00000030   Code   RO         1854    .text               c_w.l(_printf_char_common.o)
    0x08017e68   0x0000000a   Code   RO         1856    .text               c_w.l(_sputc.o)
    0x08017e72   0x0000002c   Code   RO         1858    .text               c_w.l(_printf_char.o)
    0x08017e9e   0x00000002   PAD
    0x08017ea0   0x00000024   Code   RO         1860    .text               c_w.l(_printf_char_file.o)
    0x08017ec4   0x00000008   Code   RO         1887    .text               c_w.l(ferror.o)
    0x08017ecc   0x0000004a   Code   RO         1891    .text               c_w.l(sys_stackheap_outer.o)
    0x08017f16   0x0000000c   Code   RO         1893    .text               c_w.l(exit.o)
    0x08017f22   0x00000002   PAD
    0x08017f24   0x00000008   Code   RO         1901    .text               c_w.l(libspace.o)
    0x08017f2c   0x00000150   Code   RO         1821    x$fpl$dadd          fz_wm.l(daddsub_clz.o)
    0x0801807c   0x000002b0   Code   RO         1828    x$fpl$ddiv          fz_wm.l(ddiv.o)
    0x0801832c   0x0000005e   Code   RO         1831    x$fpl$dfix          fz_wm.l(dfix.o)
    0x0801838a   0x00000002   PAD
    0x0801838c   0x0000005a   Code   RO         1835    x$fpl$dfixu         fz_wm.l(dfixu.o)
    0x080183e6   0x0000002e   Code   RO         1840    x$fpl$dflt          fz_wm.l(dflt_clz.o)
    0x08018414   0x00000026   Code   RO         1839    x$fpl$dfltu         fz_wm.l(dflt_clz.o)
    0x0801843a   0x00000002   PAD
    0x0801843c   0x00000154   Code   RO         1845    x$fpl$dmul          fz_wm.l(dmul.o)
    0x08018590   0x0000009c   Code   RO         1863    x$fpl$dnaninf       fz_wm.l(dnaninf.o)
    0x0801862c   0x0000000c   Code   RO         1865    x$fpl$dretinf       fz_wm.l(dretinf.o)
    0x08018638   0x000001d4   Code   RO         1823    x$fpl$dsub          fz_wm.l(daddsub_clz.o)
    0x0801880c   0x00000056   Code   RO         1847    x$fpl$f2d           fz_wm.l(f2d.o)
    0x08018862   0x0000008c   Code   RO         1867    x$fpl$fnaninf       fz_wm.l(fnaninf.o)
    0x080188ee   0x0000000a   Code   RO         1960    x$fpl$fpinit        fz_wm.l(fpinit.o)
    0x080188f8   0x00000000   Code   RO         1869    x$fpl$usenofp       fz_wm.l(usenofp.o)
    0x080188f8   0x000017c0   Data   RO          387    .constdata          lcd.o
    0x0801a0b8   0x0000001c   Data   RO          840    .constdata          stm32f4xx_fsmc.o
    0x0801a0d4   0x00030574   Data   RO         1074    .constdata          fs.o
    0x0804a648   0x00000030   Data   RO         1101    .constdata          httpd.o
    0x0804a678   0x00000018   Data   RO         1149    .constdata          httpd_cgi_ssi.o
    0x0804a690   0x0000000c   Data   RO         1172    .constdata          etharp.o
    0x0804a69c   0x00000008   Data   RO         1329    .constdata          ip_addr.o
    0x0804a6a4   0x00000028   Data   RO         1434    .constdata          memp.o
    0x0804a6cc   0x00000050   Data   RO         1513    .constdata          tcp.o
    0x0804a71c   0x00000024   Data   RO         1710    .constdata          malloc.o
    0x0804a740   0x00000028   Data   RO         1756    .constdata          c_w.l(_printf_hex_int.o)
    0x0804a768   0x0000006a   Data   RO         1102    .conststring        httpd.o
    0x0804a7d2   0x00000002   PAD
    0x0804a7d4   0x0000003a   Data   RO         1150    .conststring        httpd_cgi_ssi.o
    0x0804a80e   0x00000002   PAD
    0x0804a810   0x00000044   Data   RO         1173    .conststring        etharp.o
    0x0804a854   0x0000008c   Data   RO         1381    .conststring        dhcp.o
    0x0804a8e0   0x00000075   Data   RO         1514    .conststring        tcp.o
    0x0804a955   0x00000003   PAD
    0x0804a958   0x00000055   Data   RO         1560    .conststring        tcp_out.o
    0x0804a9ad   0x00000003   PAD
    0x0804a9b0   0x00000020   Data   RO         2023    Region$$Table       anon$$obj.o


    Execution Region RW_IRAM1 (Base: 0x20000000, Size: 0x0001b830, Max: 0x00020000, ABSOLUTE, COMPRESSED[0x00000068])

    Base Addr    Size         Type   Attr      Idx    E Section Name        Object

    0x20000000   0x00000014   Data   RW          294    .data               system_stm32f4xx.o
    0x20000014   0x00000001   Data   RW          320    .data               key.o
    0x20000015   0x00000001   PAD
    0x20000016   0x00000004   Data   RW          388    .data               lcd.o
    0x2000001a   0x00000002   PAD
    0x2000001c   0x00000010   Data   RW          424    .data               lan8720.o
    0x2000002c   0x00000010   Data   RW          711    .data               stm32f4xx_rcc.o
    0x2000003c   0x00000010   Data   RW          794    .data               stm32f4x7_eth.o
    0x2000004c   0x00000004   Data   RW          923    .data               delay.o
    0x20000050   0x00000007   Data   RW          964    .data               usart.o
    0x20000057   0x00000001   PAD
    0x20000058   0x00000014   Data   RW          995    .data               lwip_comm.o
    0x2000006c   0x00000024   Data   RW         1103    .data               httpd.o
    0x20000090   0x00000018   Data   RW         1151    .data               httpd_cgi_ssi.o
    0x200000a8   0x00000001   Data   RW         1174    .data               etharp.o
    0x200000a9   0x00000003   PAD
    0x200000ac   0x00000012   Data   RW         1298    .data               ip.o
    0x200000be   0x00000002   PAD
    0x200000c0   0x00000006   Data   RW         1351    .data               ip_frag.o
    0x200000c6   0x00000002   PAD
    0x200000c8   0x00000004   Data   RW         1382    .data               dhcp.o
    0x200000cc   0x00000004   Data   RW         1435    .data               memp.o
    0x200000d0   0x00000009   Data   RW         1459    .data               netif.o
    0x200000d9   0x00000003   PAD
    0x200000dc   0x00000004   Data   RW         1493    .data               raw.o
    0x200000e0   0x00000024   Data   RW         1515    .data               tcp.o
    0x20000104   0x00000020   Data   RW         1538    .data               tcp_in.o
    0x20000124   0x0000000c   Data   RW         1573    .data               timers.o
    0x20000130   0x00000008   Data   RW         1587    .data               udp.o
    0x20000138   0x00000010   Data   RW         1616    .data               mem.o
    0x20000148   0x00000024   Data   RW         1711    .data               malloc.o
    0x2000016c   0x0000000e   Zero   RW          386    .bss                lcd.o
    0x2000017a   0x00000002   PAD
    0x2000017c   0x0000000c   Zero   RW          793    .bss                stm32f4x7_eth.o
    0x20000188   0x000000c8   Zero   RW          963    .bss                usart.o
    0x20000250   0x0000004c   Zero   RW          994    .bss                lwip_comm.o
    0x2000029c   0x000000f0   Zero   RW         1073    .bss                fs.o
    0x2000038c   0x00000400   Zero   RW         1100    .bss                httpd.o
    0x2000078c   0x000000c8   Zero   RW         1171    .bss                etharp.o
    0x20000854   0x00000010   Zero   RW         1328    .bss                ip_addr.o
    0x20000864   0x00000032   Zero   RW         1380    .bss                dhcp.o
    0x20000896   0x00000002   PAD
    0x20000898   0x00000028   Zero   RW         1433    .bss                memp.o
    0x200008c0   0x00000010   Zero   RW         1537    .bss                tcp_in.o
    0x200008d0   0x0001a900   Zero   RW         1709    .bss                malloc.o
    0x2001b1d0   0x00000060   Zero   RW         1902    .bss                c_w.l(libspace.o)
    0x2001b230   0x00000200   Zero   RW          642    HEAP                startup_stm32f40_41xxx.o
    0x2001b430   0x00000400   Zero   RW          641    STACK               startup_stm32f40_41xxx.o



  Load Region LR$$.ARM.__AT_0x10000000 (Base: 0x10000000, Size: 0x00000000, Max: 0x0000f000, ABSOLUTE)

    Execution Region ER$$.ARM.__AT_0x10000000 (Base: 0x10000000, Size: 0x0000f000, Max: 0x0000f000, ABSOLUTE, UNINIT)

    Base Addr    Size         Type   Attr      Idx    E Section Name        Object

    0x10000000   0x0000f000   Zero   RW         1705    .ARM.__AT_0x10000000  malloc.o



  Load Region LR$$.ARM.__AT_0x1000F000 (Base: 0x1000f000, Size: 0x00000000, Max: 0x00000f00, ABSOLUTE)

    Execution Region ER$$.ARM.__AT_0x1000F000 (Base: 0x1000f000, Size: 0x00000f00, Max: 0x00000f00, ABSOLUTE, UNINIT)

    Base Addr    Size         Type   Attr      Idx    E Section Name        Object

    0x1000f000   0x00000f00   Zero   RW         1706    .ARM.__AT_0x1000F000  malloc.o



  Load Region LR$$.ARM.__AT_0x68000000 (Base: 0x68000000, Size: 0x00000000, Max: 0x00032000, ABSOLUTE)

    Execution Region ER$$.ARM.__AT_0x68000000 (Base: 0x68000000, Size: 0x00032000, Max: 0x00032000, ABSOLUTE, UNINIT)

    Base Addr    Size         Type   Attr      Idx    E Section Name        Object

    0x68000000   0x00032000   Zero   RW         1707    .ARM.__AT_0x68000000  malloc.o



  Load Region LR$$.ARM.__AT_0x68032000 (Base: 0x68032000, Size: 0x00000000, Max: 0x00003200, ABSOLUTE)

    Execution Region ER$$.ARM.__AT_0x68032000 (Base: 0x68032000, Size: 0x00003200, Max: 0x00003200, ABSOLUTE, UNINIT)

    Base Addr    Size         Type   Attr      Idx    E Section Name        Object

    0x68032000   0x00003200   Zero   RW         1708    .ARM.__AT_0x68032000  malloc.o


==============================================================================

Image component sizes


      Code (inc. data)   RO Data    RW Data    ZI Data      Debug   Object Name

       220          8          0          0          0       1195   adc.o
        64          4          0          0          0        576   beep.o
        62          0          0          0          0       1274   def.o
       276          8          0          4          0       1445   delay.o
      6380       1100        140          4         50      13222   dhcp.o
       408         12          0          0          0       2226   dht11.o
       600         22          0          0          0       2338   ds18b20.o
      3520        596         80          1        200       9919   etharp.o
       548        134          0          0          0       4958   ethernetif.o
       412         12          0          0          0       1293   exti.o
       264          8     198004          0        240       6585   fs.o
      4608        794        154         36       1024      19301   httpd.o
      1688        166         82         24          0       5822   httpd_cgi_ssi.o
       996        372          0          0          0       2650   icmp.o
         0          0          0          0          0       3868   inet.o
       676        104          0          0          0       3081   inet_chksum.o
        28          0          0          0          0        572   init.o
       988        172          0         18          0       7327   ip.o
       812        112          8          0         16       9659   ip_addr.o
      2562        484          0          6          0       7500   ip_frag.o
       260         12          0          1          0        912   key.o
       912         56          0         16          0       3857   lan8720.o
     19624        168       6080          4         14      22450   lcd.o
       132         10          0          0          0        879   led.o
      1320        466          0         20         76      22186   lwip_comm.o
       912        264          0          0          0     366944   main.o
       564         18         36         36     391680       5015   malloc.o
      1700        532          0         16          0       4130   mem.o
       436        196         40          4         40       3064   memp.o
       224         20          0          0          0       2045   misc.o
       268          4          0          0          0       1211   moto.o
       768        126          0          9          0       6561   netif.o
      4152       1236          0          0          0       9305   pbuf.o
       572        134          0          4          0       3497   raw.o
      1044         30          0          0          0       4938   rtc.o
       676         18          0          0          0       2325   sram.o
        64         26        392          0       1536        868   startup_stm32f40_41xxx.o
      3648         96          0         16         12      19862   stm32f4x7_eth.o
      1124         24          0          0          0      10718   stm32f4xx_adc.o
       272         10          0          0          0       2491   stm32f4xx_exti.o
      1480         18         28          0          0       5910   stm32f4xx_fsmc.o
       660         44          0          0          0       4321   stm32f4xx_gpio.o
        26          0          0          0          0       1266   stm32f4xx_it.o
       364         12          0          0          0       3831   stm32f4xx_pwr.o
      1628         52          0         16          0      13176   stm32f4xx_rcc.o
      3432         44          0          0          0      15284   stm32f4xx_rtc.o
       148         12          0          0          0       1945   stm32f4xx_syscfg.o
      3234         60          0          0          0      22524   stm32f4xx_tim.o
      1108         34          0          0          0       8024   stm32f4xx_usart.o
        12          6          0          0          0        518   sys_arch.o
       528         46          0         20          0       1915   system_stm32f4xx.o
      5148       1100        197         36          0      21783   tcp.o
      6082        938          0         32         16      15215   tcp_in.o
      4594        866         85          0          0       9759   tcp_out.o
       404         50          0          0          0       1506   temperature.o
       132         10          0          0          0        848   timer.o
       784        190          0         12          0       3147   timers.o
      1420        200          0          8          0      14521   udp.o
       496         80          0          7        200       3763   usart.o
       220          8          0          0          0       1434   usart3.o

    ----------------------------------------------------------------------
     95692      11324     205368        364     395108     748759   Object Totals
         0          0         32          0          0          0   (incl. Generated)
         8          0         10         14          4          0   (incl. Padding)

    ----------------------------------------------------------------------

      Code (inc. data)   RO Data    RW Data    ZI Data      Debug   Library Member Name

        90          0          0          0          0          0   __dczerorl2.o
         8          0          0          0          0         68   __main.o
       104          0          0          0          0         84   __printf.o
         0          0          0          0          0          0   __rtentry.o
        12          0          0          0          0          0   __rtentry2.o
         6          0          0          0          0          0   __rtentry4.o
        52          8          0          0          0          0   __scatter.o
        28          0          0          0          0          0   __scatter_zi.o
        44          0          0          0          0        108   _printf_char.o
        48          6          0          0          0         96   _printf_char_common.o
        36          4          0          0          0         80   _printf_char_file.o
         6          0          0          0          0          0   _printf_d.o
       120         16          0          0          0         92   _printf_dec.o
        88          4         40          0          0         88   _printf_hex_int.o
       178          0          0          0          0         88   _printf_intcommon.o
         0          0          0          0          0          0   _printf_percent.o
         4          0          0          0          0          0   _printf_percent_end.o
         6          0          0          0          0          0   _printf_s.o
        82          0          0          0          0         80   _printf_str.o
         6          0          0          0          0          0   _printf_x.o
        10          0          0          0          0         68   _sputc.o
        12          0          0          0          0         72   exit.o
         8          0          0          0          0         68   ferror.o
         6          0          0          0          0        152   heapauxi.o
         2          0          0          0          0          0   libinit.o
         6          0          0          0          0          0   libinit2.o
         2          0          0          0          0          0   libshutdown.o
         2          0          0          0          0          0   libshutdown2.o
         8          4          0          0         96         68   libspace.o
        88          0          0          0          0         76   memcmp.o
        24          4          0          0          0         84   noretval__2printf.o
        40          6          0          0          0         84   noretval__2sprintf.o
        68          0          0          0          0         68   rt_memclr.o
        78          0          0          0          0         80   rt_memclr_w.o
       138          0          0          0          0         68   rt_memcpy_v6.o
       100          0          0          0          0         80   rt_memcpy_w.o
         2          0          0          0          0          0   rtexit.o
        10          0          0          0          0          0   rtexit2.o
        20          0          0          0          0         68   strchr.o
       128          0          0          0          0         68   strcmpv7m.o
        62          0          0          0          0         76   strlen.o
       150          0          0          0          0         80   strncmp.o
        36          0          0          0          0         80   strstr.o
        74          0          0          0          0         80   sys_stackheap_outer.o
         2          0          0          0          0         68   use_no_semi.o
         2          0          0          0          0         68   use_no_semi_2.o
       804         16          0          0          0        368   daddsub_clz.o
       688        140          0          0          0        256   ddiv.o
        94          4          0          0          0        140   dfix.o
        90          4          0          0          0        140   dfixu.o
        84          0          0          0          0        232   dflt_clz.o
       340         12          0          0          0        152   dmul.o
       156          4          0          0          0        140   dnaninf.o
        12          0          0          0          0        116   dretinf.o
        86          4          0          0          0        132   f2d.o
       140          4          0          0          0        132   fnaninf.o
        10          0          0          0          0        116   fpinit.o
         0          0          0          0          0          0   usenofp.o

    ----------------------------------------------------------------------
      4516        240         40          0         96       4264   Library Totals
        16          0          0          0          0          0   (incl. Padding)

    ----------------------------------------------------------------------

      Code (inc. data)   RO Data    RW Data    ZI Data      Debug   Library Name

      1996         52         40          0         96       2340   c_w.l
      2504        188          0          0          0       1924   fz_wm.l

    ----------------------------------------------------------------------
      4516        240         40          0         96       4264   Library Totals

    ----------------------------------------------------------------------

==============================================================================


      Code (inc. data)   RO Data    RW Data    ZI Data      Debug   

    100208      11564     205408        364     395204     738223   Grand Totals
    100208      11564     205408        104     395204     738223   ELF Image Totals (compressed)
    100208      11564     205408        104          0          0   ROM Totals

==============================================================================

    Total RO  Size (Code + RO Data)               305616 ( 298.45kB)
    Total RW  Size (RW Data + ZI Data)            395568 ( 386.30kB)
    Total ROM Size (Code + RO Data + RW Data)     305720 ( 298.55kB)

==============================================================================

